
 Start  Stop   Length Name               Class

 00000H 02519H 0251AH _TEXT              CODE
 0251AH 027D4H 002BBH TEST_TEXT          CODE
 027D6H 028ABH 000D6H OS_CPU_A_TEXT      CODE
 028ACH 02A81H 001D6H OS_CPU_C_TEXT      CODE
 02A82H 02DFEH 0037DH PC_TEXT            CODE
 02DFFH 067C5H 039C7H UCOS_II_TEXT       CODE
 067D0H 067D0H 00000H _FARDATA           FAR_DATA
 067D0H 067D0H 00000H _FARBSS            FAR_BSS
 067D0H 067D0H 00000H _OVERLAY_          OVRINFO
 067D0H 067D0H 00000H _1STUB_            STUBSEG
 067D0H 06CB3H 004E4H _DATA              DATA
 06CB4H 06CB5H 00002H _CVTSEG            DATA
 06CB6H 06CBBH 00006H _SCNSEG            DATA
 06CBCH 06CBCH 00000H _CONST             CONST
 06CBCH 06CC7H 0000CH _INIT_             INITDATA
 06CC8H 06CC8H 00000H _INITEND_          INITDATA
 06CC8H 06CC8H 00000H _EXIT_             EXITDATA
 06CC8H 06CC8H 00000H _EXITEND_          EXITDATA
 06CC8H 0874DH 01A86H _BSS               BSS
 0874EH 0874EH 00000H _BSSEND            BSSEND
 08750H 087CFH 00080H _STACK             STACK


Detailed map of segments

 0000:0000 0295 C=CODE   S=_TEXT          G=(none)  M=c0.ASM     ACBP=28
 0000:0295 002D C=CODE   S=_TEXT          G=(none)  M=ATEXIT     ACBP=28
 0000:02C2 0093 C=CODE   S=_TEXT          G=(none)  M=EXIT       ACBP=28
 0000:0355 0000 C=CODE   S=_TEXT          G=(none)  M=FILES      ACBP=28
 0000:0355 0000 C=CODE   S=_TEXT          G=(none)  M=FILES2     ACBP=28
 0000:0355 0017 C=CODE   S=_TEXT          G=(none)  M=F_LXMUL    ACBP=28
 0000:036C 0026 C=CODE   S=_TEXT          G=(none)  M=GETDATE    ACBP=28
 0000:0392 00AE C=CODE   S=_TEXT          G=(none)  M=H_LDIV     ACBP=28
 0000:0440 0021 C=CODE   S=_TEXT          G=(none)  M=H_LLSH     ACBP=28
 0000:0461 0021 C=CODE   S=_TEXT          G=(none)  M=H_LURSH    ACBP=28
 0000:0482 0060 C=CODE   S=_TEXT          G=(none)  M=H_PADD     ACBP=28
 0000:04E2 004B C=CODE   S=_TEXT          G=(none)  M=IOERROR    ACBP=28
 0000:052D 0011 C=CODE   S=_TEXT          G=(none)  M=ISATTY     ACBP=28
 0000:053E 00A2 C=CODE   S=_TEXT          G=(none)  M=LONGTOA    ACBP=28
 0000:05E0 0029 C=CODE   S=_TEXT          G=(none)  M=LSEEK      ACBP=28
 0000:0609 0021 C=CODE   S=_TEXT          G=(none)  M=N_PCMP     ACBP=28
 0000:062A 00BA C=CODE   S=_TEXT          G=(none)  M=SETUPIO    ACBP=28
 0000:06E4 0000 C=CODE   S=_TEXT          G=(none)  M=STKLEN     ACBP=28
 0000:06E4 04DB C=CODE   S=_TEXT          G=(none)  M=VPRINTER   ACBP=28
 0000:0BBF 009F C=CODE   S=_TEXT          G=(none)  M=VRAM       ACBP=28
 0000:0C5E 0000 C=CODE   S=_TEXT          G=(none)  M=WSCROLL    ACBP=28
 0000:0C5E 014E C=CODE   S=_TEXT          G=(none)  M=CPRINTF    ACBP=28
 0000:0DAC 01A5 C=CODE   S=_TEXT          G=(none)  M=CRTINIT    ACBP=28
 0000:0F51 001F C=CODE   S=_TEXT          G=(none)  M=CVTFAK     ACBP=28
 0000:0F70 0432 C=CODE   S=_TEXT          G=(none)  M=FARHEAP    ACBP=28
 0000:13A2 0140 C=CODE   S=_TEXT          G=(none)  M=FBRK       ACBP=28
 0000:14E2 005E C=CODE   S=_TEXT          G=(none)  M=GETCH      ACBP=28
 0000:1540 00AC C=CODE   S=_TEXT          G=(none)  M=GPTEXT     ACBP=28
 0000:15EC 0012 C=CODE   S=_TEXT          G=(none)  M=KBHIT      ACBP=28
 0000:15FE 009D C=CODE   S=_TEXT          G=(none)  M=MOVETEXT   ACBP=28
 0000:169B 0017 C=CODE   S=_TEXT          G=(none)  M=PUTCH      ACBP=28
 0000:16B2 0004 C=CODE   S=_TEXT          G=(none)  M=REALCVT    ACBP=28
 0000:16B6 01C7 C=CODE   S=_TEXT          G=(none)  M=SCREEN     ACBP=28
 0000:187D 018E C=CODE   S=_TEXT          G=(none)  M=SCROLL     ACBP=28
 0000:1A0B 001C C=CODE   S=_TEXT          G=(none)  M=SETBLOCK   ACBP=28
 0000:1A27 006A C=CODE   S=_TEXT          G=(none)  M=SETJMP     ACBP=28
 0000:1A91 002C C=CODE   S=_TEXT          G=(none)  M=WHEREXY    ACBP=28
 0000:1ABD 00CD C=CODE   S=_TEXT          G=(none)  M=FFLUSH     ACBP=28
 0000:1B8A 0042 C=CODE   S=_TEXT          G=(none)  M=FLUSHALL   ACBP=28
 0000:1BCC 01E2 C=CODE   S=_TEXT          G=(none)  M=FSEEK      ACBP=28
 0000:1DAE 0024 C=CODE   S=_TEXT          G=(none)  M=MEMCPY     ACBP=28
 0000:1DD2 001B C=CODE   S=_TEXT          G=(none)  M=PRINTF     ACBP=28
 0000:1DED 03C8 C=CODE   S=_TEXT          G=(none)  M=PUTC       ACBP=28
 0000:21B5 011D C=CODE   S=_TEXT          G=(none)  M=SETVBUF    ACBP=28
 0000:22D2 0083 C=CODE   S=_TEXT          G=(none)  M=SPRINTF    ACBP=28
 0000:2355 0151 C=CODE   S=_TEXT          G=(none)  M=WRITE      ACBP=28
 0000:24A6 003C C=CODE   S=_TEXT          G=(none)  M=WRITEA     ACBP=28
 0000:24E2 0038 C=CODE   S=_TEXT          G=(none)  M=XFFLUSH    ACBP=28
 0251:000A 02BB C=CODE   S=TEST_TEXT      G=(none)  M=test.c     ACBP=28
 027D:0006 00D6 C=CODE   S=OS_CPU_A_TEXT  G=(none)  M=\SOFTWARE\uCOS-II\Ix86L\BC45\OS_CPU_A.ASM ACBP=48
 028A:000C 01D6 C=CODE   S=OS_CPU_C_TEXT  G=(none)  M=os_cpu_c.c ACBP=28
 02A8:0002 037D C=CODE   S=PC_TEXT        G=(none)  M=pc.c       ACBP=28
 02DF:000F 39C7 C=CODE   S=UCOS_II_TEXT   G=(none)  M=ucos_ii.c  ACBP=28
 067D:0000 0000 C=FAR_DATA S=_FARDATA       G=(none)  M=c0.ASM     ACBP=68
 067D:0000 0000 C=FAR_BSS S=_FARBSS        G=(none)  M=c0.ASM     ACBP=68
 067D:0000 0000 C=OVRINFO S=_OVERLAY_      G=(none)  M=c0.ASM     ACBP=68
 067D:0000 0000 C=STUBSEG S=_1STUB_        G=(none)  M=c0.ASM     ACBP=68
 067D:0000 0093 C=DATA   S=_DATA          G=DGROUP  M=c0.ASM     ACBP=68
 067D:0094 0044 C=DATA   S=_DATA          G=DGROUP  M=test.c     ACBP=48
 067D:00D8 0000 C=DATA   S=_DATA          G=DGROUP  M=\SOFTWARE\uCOS-II\Ix86L\BC45\OS_CPU_A.ASM ACBP=48
 067D:00D8 0000 C=DATA   S=_DATA          G=DGROUP  M=os_cpu_c.c ACBP=48
 067D:00D8 001F C=DATA   S=_DATA          G=DGROUP  M=pc.c       ACBP=48
 067D:00F8 0108 C=DATA   S=_DATA          G=DGROUP  M=ucos_ii.c  ACBP=48
 067D:0200 0002 C=DATA   S=_DATA          G=DGROUP  M=ATEXIT     ACBP=48
 067D:0202 000C C=DATA   S=_DATA          G=DGROUP  M=EXIT       ACBP=48
 067D:020E 0190 C=DATA   S=_DATA          G=DGROUP  M=FILES      ACBP=48
 067D:039E 002A C=DATA   S=_DATA          G=DGROUP  M=FILES2     ACBP=48
 067D:03C8 0000 C=DATA   S=_DATA          G=DGROUP  M=F_LXMUL    ACBP=48
 067D:03C8 0000 C=DATA   S=_DATA          G=DGROUP  M=GETDATE    ACBP=48
 067D:03C8 0000 C=DATA   S=_DATA          G=DGROUP  M=H_LDIV     ACBP=48
 067D:03C8 0000 C=DATA   S=_DATA          G=DGROUP  M=H_LLSH     ACBP=48
 067D:03C8 0000 C=DATA   S=_DATA          G=DGROUP  M=H_LURSH    ACBP=48
 067D:03C8 0000 C=DATA   S=_DATA          G=DGROUP  M=H_PADD     ACBP=48
 067D:03C8 005B C=DATA   S=_DATA          G=DGROUP  M=IOERROR    ACBP=48
 067D:0424 0000 C=DATA   S=_DATA          G=DGROUP  M=ISATTY     ACBP=48
 067D:0424 0000 C=DATA   S=_DATA          G=DGROUP  M=LONGTOA    ACBP=48
 067D:0424 0000 C=DATA   S=_DATA          G=DGROUP  M=LSEEK      ACBP=48
 067D:0424 0000 C=DATA   S=_DATA          G=DGROUP  M=N_PCMP     ACBP=48
 067D:0424 0000 C=DATA   S=_DATA          G=DGROUP  M=SETUPIO    ACBP=48
 067D:0424 0002 C=DATA   S=_DATA          G=DGROUP  M=STKLEN     ACBP=48
 067D:0426 0067 C=DATA   S=_DATA          G=DGROUP  M=VPRINTER   ACBP=48
 067D:048E 0000 C=DATA   S=_DATA          G=DGROUP  M=VRAM       ACBP=48
 067D:048E 0002 C=DATA   S=_DATA          G=DGROUP  M=WSCROLL    ACBP=48
 067D:0490 0000 C=DATA   S=_DATA          G=DGROUP  M=CPRINTF    ACBP=48
 067D:0490 0018 C=DATA   S=_DATA          G=DGROUP  M=CRTINIT    ACBP=48
 067D:04A8 0031 C=DATA   S=_DATA          G=DGROUP  M=CVTFAK     ACBP=48
 067D:04DA 0000 C=DATA   S=_DATA          G=DGROUP  M=FARHEAP    ACBP=48
 067D:04DA 0002 C=DATA   S=_DATA          G=DGROUP  M=FBRK       ACBP=48
 067D:04DC 0000 C=DATA   S=_DATA          G=DGROUP  M=GETCH      ACBP=48
 067D:04DC 0000 C=DATA   S=_DATA          G=DGROUP  M=GPTEXT     ACBP=48
 067D:04DC 0002 C=DATA   S=_DATA          G=DGROUP  M=KBHIT      ACBP=48
 067D:04DE 0000 C=DATA   S=_DATA          G=DGROUP  M=MOVETEXT   ACBP=48
 067D:04DE 0000 C=DATA   S=_DATA          G=DGROUP  M=PUTCH      ACBP=48
 067D:04DE 0000 C=DATA   S=_DATA          G=DGROUP  M=REALCVT    ACBP=48
 067D:04DE 0000 C=DATA   S=_DATA          G=DGROUP  M=SCREEN     ACBP=48
 067D:04DE 0000 C=DATA   S=_DATA          G=DGROUP  M=SCROLL     ACBP=48
 067D:04DE 0000 C=DATA   S=_DATA          G=DGROUP  M=SETBLOCK   ACBP=48
 067D:04DE 0000 C=DATA   S=_DATA          G=DGROUP  M=SETJMP     ACBP=48
 067D:04DE 0000 C=DATA   S=_DATA          G=DGROUP  M=WHEREXY    ACBP=48
 067D:04DE 0000 C=DATA   S=_DATA          G=DGROUP  M=FFLUSH     ACBP=48
 067D:04DE 0000 C=DATA   S=_DATA          G=DGROUP  M=FLUSHALL   ACBP=48
 067D:04DE 0000 C=DATA   S=_DATA          G=DGROUP  M=FSEEK      ACBP=48
 067D:04DE 0000 C=DATA   S=_DATA          G=DGROUP  M=MEMCPY     ACBP=48
 067D:04DE 0000 C=DATA   S=_DATA          G=DGROUP  M=PRINTF     ACBP=48
 067D:04DE 0001 C=DATA   S=_DATA          G=DGROUP  M=PUTC       ACBP=48
 067D:04E0 0004 C=DATA   S=_DATA          G=DGROUP  M=SETVBUF    ACBP=48
 067D:04E4 0000 C=DATA   S=_DATA          G=DGROUP  M=SPRINTF    ACBP=48
 067D:04E4 0000 C=DATA   S=_DATA          G=DGROUP  M=WRITE      ACBP=48
 067D:04E4 0000 C=DATA   S=_DATA          G=DGROUP  M=WRITEA     ACBP=48
 067D:04E4 0000 C=DATA   S=_DATA          G=DGROUP  M=XFFLUSH    ACBP=48
 067D:04E4 0000 C=DATA   S=_CVTSEG        G=DGROUP  M=c0.ASM     ACBP=48
 067D:04E4 0002 C=DATA   S=_CVTSEG        G=DGROUP  M=CVTFAK     ACBP=48
 067D:04E6 0000 C=DATA   S=_CVTSEG        G=DGROUP  M=REALCVT    ACBP=48
 067D:04E6 0000 C=DATA   S=_SCNSEG        G=DGROUP  M=c0.ASM     ACBP=48
 067D:04E6 0006 C=DATA   S=_SCNSEG        G=DGROUP  M=CVTFAK     ACBP=48
 067D:04EC 0000 C=CONST  S=_CONST         G=DGROUP  M=c0.ASM     ACBP=48
 067D:04EC 0000 C=INITDATA S=_INIT_         G=DGROUP  M=c0.ASM     ACBP=48
 067D:04EC 0006 C=INITDATA S=_INIT_         G=DGROUP  M=SETUPIO    ACBP=48
 067D:04F2 0006 C=INITDATA S=_INIT_         G=DGROUP  M=CRTINIT    ACBP=48
 067D:04F8 0000 C=INITDATA S=_INITEND_      G=DGROUP  M=c0.ASM     ACBP=28
 067D:04F8 0000 C=EXITDATA S=_EXIT_         G=DGROUP  M=c0.ASM     ACBP=48
 067D:04F8 0000 C=EXITDATA S=_EXITEND_      G=DGROUP  M=c0.ASM     ACBP=28
 067D:04F8 0000 C=BSS    S=_BSS           G=DGROUP  M=c0.ASM     ACBP=48
 067D:04F8 0C00 C=BSS    S=_BSS           G=DGROUP  M=test.c     ACBP=48
 067D:10F8 0001 C=BSS    S=_BSS           G=DGROUP  M=os_cpu_c.c ACBP=48
 067D:10FA 001B C=BSS    S=_BSS           G=DGROUP  M=pc.c       ACBP=48
 067D:1116 0DE6 C=BSS    S=_BSS           G=DGROUP  M=ucos_ii.c  ACBP=48
 067D:1EFC 0080 C=BSS    S=_BSS           G=DGROUP  M=ATEXIT     ACBP=48
 067D:1F7C 0000 C=BSS    S=_BSS           G=DGROUP  M=IOERROR    ACBP=48
 067D:1F7C 0000 C=BSS    S=_BSS           G=DGROUP  M=ISATTY     ACBP=48
 067D:1F7C 0000 C=BSS    S=_BSS           G=DGROUP  M=LONGTOA    ACBP=48
 067D:1F7C 0000 C=BSS    S=_BSS           G=DGROUP  M=LSEEK      ACBP=48
 067D:1F7C 0000 C=BSS    S=_BSS           G=DGROUP  M=SETUPIO    ACBP=48
 067D:1F7C 0000 C=BSS    S=_BSS           G=DGROUP  M=VPRINTER   ACBP=48
 067D:1F7C 0000 C=BSS    S=_BSS           G=DGROUP  M=VRAM       ACBP=48
 067D:1F7C 0000 C=BSS    S=_BSS           G=DGROUP  M=CRTINIT    ACBP=48
 067D:1F7C 0000 C=BSS    S=_BSS           G=DGROUP  M=GETCH      ACBP=48
 067D:1F7C 0000 C=BSS    S=_BSS           G=DGROUP  M=KBHIT      ACBP=48
 067D:1F7C 0000 C=BSS    S=_BSS           G=DGROUP  M=SETBLOCK   ACBP=48
 067D:1F7C 0000 C=BSS    S=_BSS           G=DGROUP  M=SETJMP     ACBP=48
 067D:1F7C 0000 C=BSS    S=_BSS           G=DGROUP  M=MEMCPY     ACBP=48
 067D:1F7C 0001 C=BSS    S=_BSS           G=DGROUP  M=PUTC       ACBP=48
 067D:1F7E 0000 C=BSS    S=_BSS           G=DGROUP  M=WRITEA     ACBP=48
 067D:1F7E 0000 C=BSSEND S=_BSSEND        G=DGROUP  M=c0.ASM     ACBP=28
 0875:0000 0080 C=STACK  S=_STACK         G=(none)  M=c0.ASM     ACBP=74

  Address         Publics by Name

 067D:0000 idle  DATASEG@
 0000:0291 idle  DGROUP@
 0000:0395 idle  F_LDIV@
 0000:03A4 idle  F_LMOD@
 0000:039C       F_LUDIV@
 0000:03AC idle  F_LUMOD@
 0000:0443       F_LXLSH@
 0000:0355       F_LXMUL@
 0000:0464       F_LXURSH@
 0000:0485 idle  F_PADD@
 0000:04B4 idle  F_PSUB@
 0000:0395 idle  LDIV@
 0000:03A4 idle  LMOD@
 0000:039C idle  LUDIV@
 0000:03AC idle  LUMOD@
 0000:0443 idle  LXLSH@
 0000:0355 idle  LXMUL@
 0000:0464 idle  LXURSH@
 0000:0392 idle  N_LDIV@
 0000:03A1 idle  N_LMOD@
 0000:0399 idle  N_LUDIV@
 0000:03A9 idle  N_LUMOD@
 0000:0440       N_LXLSH@
 0000:0461 idle  N_LXURSH@
 0000:0482       N_PADD@
 0000:0609       N_PCMP@
 0000:04B1 idle  N_PSUB@
 0000:0485 idle  PADD@
 0000:04B4 idle  PSUB@
 0000:027A       _abort
 0000:0295 idle  _atexit
 0000:0D90 idle  _cprintf
 067D:049F       _directvideo
 067D:007F       _errno
 0000:031A       _exit
 0000:10B0 idle  _farfree
 0000:11C4 idle  _farmalloc
 0000:1328 idle  _farrealloc
 0000:1ABD       _fflush
 0000:1B8A       _flushall
 0000:1E09 idle  _fputc
 0000:1F9E idle  _fputchar
 0000:10B0       _free
 0000:1C4E       _fseek
 0000:1CCE idle  _ftell
 0000:14E2       _getch
 0000:14FE idle  _getche
 0000:036C       _getdate
 0000:1540       _gettext
 0000:037F       _gettime
 0000:052D       _isatty
 0000:15EC       _kbhit
 0000:1A5D       _longjmp
 0000:05E0       _lseek
 0251:000A       _main
 0000:11BA       _malloc
 0000:1DAE       _memcpy
 0000:15FE       _movetext
 067D:1EAC idle  _OSCPUUsage
 027D:0024       _OSCtxSw
 067D:1EF8 idle  _OSCtxSwCtr
 067D:1EF4 idle  _OSEventFreeList
 067D:1ED4 idle  _OSEventTbl
 02DF:0983 idle  _OSFlagAccept
 02DF:0AB5 idle  _OSFlagCreate
 02DF:0B2D idle  _OSFlagDel
 067D:1EAD idle  _OSFlagFreeList
 02DF:0C6F idle  _OSFlagPend
 02DF:0EC9 idle  _OSFlagPost
 02DF:1069 idle  _OSFlagQuery
 067D:1EB1 idle  _OSFlagTbl
 067D:1A8F idle  _OSIdleCtr
 067D:1EA8 idle  _OSIdleCtrMax
 067D:1EA4 idle  _OSIdleCtrRun
 02DF:000F       _OSInit
 028A:000C       _OSInitHookBegin
 028A:000D       _OSInitHookEnd
 027D:005F       _OSIntCtxSw
 02DF:0047 idle  _OSIntEnter
 02DF:005A       _OSIntExit
 067D:1AA1 idle  _OSIntExitY
 067D:1AA2       _OSIntNesting
 067D:1AA0 idle  _OSLockNesting
 067D:00F8 idle  _OSMapTbl
 02DF:12F9 idle  _OSMboxAccept
 02DF:1344 idle  _OSMboxCreate
 02DF:13B9 idle  _OSMboxDel
 02DF:14D7 idle  _OSMboxPend
 02DF:15D9 idle  _OSMboxPost
 02DF:1651 idle  _OSMboxPostOpt
 02DF:16F4 idle  _OSMboxQuery
 02DF:17E8 idle  _OSMemCreate
 067D:127C idle  _OSMemFreeList
 02DF:1933 idle  _OSMemGet
 02DF:19B1 idle  _OSMemPut
 02DF:1A21 idle  _OSMemQuery
 067D:1218 idle  _OSMemTbl
 02DF:1B6E idle  _OSMutexAccept
 02DF:1BF9 idle  _OSMutexCreate
 02DF:1CDF idle  _OSMutexDel
 02DF:1E39 idle  _OSMutexPend
 02DF:2024 idle  _OSMutexPost
 02DF:21AC idle  _OSMutexQuery
 067D:1A9F       _OSPrioCur
 067D:1A9E       _OSPrioHighRdy
 02DF:22C7 idle  _OSQAccept
 02DF:2367 idle  _OSQCreate
 02DF:248A idle  _OSQDel
 02DF:2607 idle  _OSQFlush
 067D:1214 idle  _OSQFreeList
 02DF:265F idle  _OSQPend
 02DF:27A5 idle  _OSQPost
 02DF:286D idle  _OSQPostFront
 02DF:292F idle  _OSQPostOpt
 02DF:2A6D idle  _OSQQuery
 067D:11E4 idle  _OSQTbl
 067D:1A9D idle  _OSRdyGrp
 067D:1A95 idle  _OSRdyTbl
 067D:1A94       _OSRunning
 02DF:00F5 idle  _OSSchedLock
 02DF:010B idle  _OSSchedUnlock
 02DF:2BF8 idle  _OSSemAccept
 02DF:2C2A idle  _OSSemCreate
 02DF:2C9E idle  _OSSemDel
 02DF:2DBC idle  _OSSemPend
 02DF:2E6C idle  _OSSemPost
 02DF:2EC6 idle  _OSSemQuery
 02DF:0138       _OSStart
 027D:0006       _OSStartHighRdy
 02DF:016D idle  _OSStatInit
 067D:1EA3 idle  _OSStatRdy
 02DF:2FB2 idle  _OSTaskChangePrio
 02DF:317E       _OSTaskCreate
 02DF:3247 idle  _OSTaskCreateExt
 028A:000E       _OSTaskCreateHook
 067D:1A93 idle  _OSTaskCtr
 02DF:333F idle  _OSTaskDel
 028A:0013       _OSTaskDelHook
 02DF:351E idle  _OSTaskDelReq
 028A:0018       _OSTaskIdleHook
 067D:168F idle  _OSTaskIdleStk
 02DF:379C idle  _OSTaskQuery
 02DF:358A idle  _OSTaskResume
 028A:0019       _OSTaskStatHook
 067D:1AA3 idle  _OSTaskStatStk
 02DF:3609 idle  _OSTaskStkChk
 028A:001A       _OSTaskStkInit
 028A:0100 idle  _OSTaskStkInit_FPE_x86
 02DF:36EE idle  _OSTaskSuspend
 028A:01DB       _OSTaskSwHook
 067D:168B       _OSTCBCur
 067D:1687 idle  _OSTCBFreeList
 067D:1683       _OSTCBHighRdy
 028A:01DC       _OSTCBInitHook
 067D:167F idle  _OSTCBList
 067D:157F idle  _OSTCBPrioTbl
 067D:1280 idle  _OSTCBTbl
 067D:10F8       _OSTickDOSCtr
 027D:008C       _OSTickISR
 067D:11E0 idle  _OSTime
 02DF:380A       _OSTimeDly
 02DF:3851 idle  _OSTimeDlyHMSM
 02DF:392A idle  _OSTimeDlyResume
 02DF:39A2       _OSTimeGet
 02DF:39C1       _OSTimeSet
 02DF:01A7       _OSTimeTick
 028A:01E1       _OSTimeTickHook
 067D:0100 idle  _OSUnMapTbl
 02DF:0243 idle  _OSVersion
 02DF:0247 idle  _OS_Dummy
 02DF:0248 idle  _OS_EventTaskRdy
 02DF:0312 idle  _OS_EventTaskWait
 02DF:037F idle  _OS_EventTO
 02DF:03D3 idle  _OS_EventWaitListInit
 02DF:118B idle  _OS_FlagInit
 02DF:124A idle  _OS_FlagUnlink
 02DF:1ACA idle  _OS_MemInit
 02DF:2BA8 idle  _OS_QInit
 02DF:05E0 idle  _OS_Sched
 02DF:0663 idle  _OS_TaskIdle
 02DF:0688 idle  _OS_TaskStat
 02DF:0752 idle  _OS_TCBInit
 02A8:0002 idle  _PC_DispChar
 02A8:0040 idle  _PC_DispClrCol
 02A8:0086 idle  _PC_DispClrRow
 02A8:00BF idle  _PC_DispClrScr
 02A8:00F0 idle  _PC_DispStr
 02A8:013F idle  _PC_DOSReturn
 02A8:0153       _PC_DOSSaveReturn
 02A8:01C1 idle  _PC_ElapsedInit
 02A8:01D5 idle  _PC_ElapsedStart
 02A8:01FB idle  _PC_ElapsedStop
 02A8:024C idle  _PC_GetDateTime
 02A8:029F idle  _PC_GetKey
 02A8:02C6       _PC_SetTickRate
 067D:10FA idle  _PC_TickISR
 02A8:0313 idle  _PC_VectGet
 02A8:034A       _PC_VectSet
 0251:0213 idle  _Print
 0000:1DD2       _printf
 0000:169B       _putch
 0000:1596       _puttext
 0000:1321 idle  _realloc
 0000:1A0B       _setblock
 0000:1A27       _setjmp
 0000:21B5       _setvbuf
 0000:2312       _sprintf
 0251:00CC idle  _Task1
 067D:0CF8 idle  _Task1_Stk
 0251:0139 idle  _Task2
 067D:08F8 idle  _Task2_Stk
 0251:01A6 idle  _Task3
 067D:04F8 idle  _Task3_Stk
 067D:1116       _task_log
 067D:11DE       _task_log_index
 0000:1522 idle  _ungetch
 0000:2334 idle  _vsprintf
 0000:1A9B idle  _wherex
 0000:1AAA idle  _wherey
 0000:1000 idle  __AHINCR
 0000:000C idle  __AHSHIFT
 067D:0200       __atexitcnt
 067D:1EFC       __atexittbl
 0000:1418       __brk
 067D:008B       __brklvl
 067D:006B idle  __C0argc
 067D:006D idle  __C0argv
 0000:0E72 idle  __c0crtinit
 067D:0071 idle  __C0environ
 067D:04DD       __cChar
 0000:033B idle  __cexit
 067D:04DC       __cFlag
 0000:016A       __checknull
 0000:0157       __cleanup
 0000:0C5E       __CPUTN
 0000:0E8F idle  __crtinit
 0000:0000  Abs  __cvtfak
 0000:0349 idle  __c_exit
 067D:03C8 idle  __doserrno
 0000:051B idle  __DOSERROR
 067D:03CA idle  __dosErrorToSV
 067D:0075 idle  __envLng
 067D:0077 idle  __envseg
 067D:0079 idle  __envSize
 0000:0329       __exit
 067D:0202       __exitbuf
 067D:0206 idle  __exitfopen
 067D:020A idle  __exitopen
 0000:1DED idle  __fputc
 0000:1FB2       __FPUTN
 067D:0087       __heapbase
 067D:008F       __heaptop
 067D:005B idle  __Int0Vector
 067D:005F idle  __Int4Vector
 067D:0063 idle  __Int5Vector
 067D:0067 idle  __Int6Vector
 0000:04E2       __IOERROR
 0000:053E       __LONGTOA
 0000:0293 idle  __MMODEL
 067D:039E       __nfile
 0000:14FB idle  __Ngetche
 0000:151F idle  __Nungetch
 067D:03A0       __openfd
 067D:007D idle  __osmajor
 067D:007E idle  __osminor
 067D:007D idle  __osversion
 067D:007B       __psp
 0000:16B2       __REALCVT
 067D:04E4       __RealCvtVector
 0000:01C0       __restorezero
 0000:1457       __sbrk
 067D:04E6 idle  __ScanTodVector
 0000:17EC       __SCREENIO
 0000:189F       __SCROLL
 0000:062A       __setupio
 067D:0081 idle  __StartTime
 067D:0424       __stklen
 067D:020E       __streams
 0000:016B       __terminate
 0000:0000 idle  __turboCrt
 0000:05C0 idle  __UTOA
 0000:1828       __VALIDATEXY
 067D:007D idle  __version
 067D:0490       __video
 0000:0DE7       __VideoInt
 0000:06FC       __VPRINTER
 0000:0BBF       __VPTR
 0000:0BE4       __VRAM
 0000:1A91       __wherexy
 0000:24A6       __write
 067D:048E       __wscroll
 0000:24E2       __xfflush
 067D:0085 idle  ___brklvl
 0000:0F70 idle  ___first
 0000:0F72 idle  ___last
 0000:0F74 idle  ___rover
 0000:2355       ___write

  Address         Publics by Value

 0000:0000 idle  __turboCrt
 0000:0000  Abs  __cvtfak
 0000:000C idle  __AHSHIFT
 0000:0157       __cleanup
 0000:016A       __checknull
 0000:016B       __terminate
 0000:01C0       __restorezero
 0000:027A       _abort
 0000:0291 idle  DGROUP@
 0000:0293 idle  __MMODEL
 0000:0295 idle  _atexit
 0000:031A       _exit
 0000:0329       __exit
 0000:033B idle  __cexit
 0000:0349 idle  __c_exit
 0000:0355       F_LXMUL@
 0000:0355 idle  LXMUL@
 0000:036C       _getdate
 0000:037F       _gettime
 0000:0392 idle  N_LDIV@
 0000:0395 idle  LDIV@
 0000:0395 idle  F_LDIV@
 0000:0399 idle  N_LUDIV@
 0000:039C       F_LUDIV@
 0000:039C idle  LUDIV@
 0000:03A1 idle  N_LMOD@
 0000:03A4 idle  F_LMOD@
 0000:03A4 idle  LMOD@
 0000:03A9 idle  N_LUMOD@
 0000:03AC idle  LUMOD@
 0000:03AC idle  F_LUMOD@
 0000:0440       N_LXLSH@
 0000:0443       F_LXLSH@
 0000:0443 idle  LXLSH@
 0000:0461 idle  N_LXURSH@
 0000:0464       F_LXURSH@
 0000:0464 idle  LXURSH@
 0000:0482       N_PADD@
 0000:0485 idle  F_PADD@
 0000:0485 idle  PADD@
 0000:04B1 idle  N_PSUB@
 0000:04B4 idle  F_PSUB@
 0000:04B4 idle  PSUB@
 0000:04E2       __IOERROR
 0000:051B idle  __DOSERROR
 0000:052D       _isatty
 0000:053E       __LONGTOA
 0000:05C0 idle  __UTOA
 0000:05E0       _lseek
 0000:0609       N_PCMP@
 0000:062A       __setupio
 0000:06FC       __VPRINTER
 0000:0BBF       __VPTR
 0000:0BE4       __VRAM
 0000:0C5E       __CPUTN
 0000:0D90 idle  _cprintf
 0000:0DE7       __VideoInt
 0000:0E72 idle  __c0crtinit
 0000:0E8F idle  __crtinit
 0000:0F70 idle  ___first
 0000:0F72 idle  ___last
 0000:0F74 idle  ___rover
 0000:1000 idle  __AHINCR
 0000:10B0       _free
 0000:10B0 idle  _farfree
 0000:11BA       _malloc
 0000:11C4 idle  _farmalloc
 0000:1321 idle  _realloc
 0000:1328 idle  _farrealloc
 0000:1418       __brk
 0000:1457       __sbrk
 0000:14E2       _getch
 0000:14FB idle  __Ngetche
 0000:14FE idle  _getche
 0000:151F idle  __Nungetch
 0000:1522 idle  _ungetch
 0000:1540       _gettext
 0000:1596       _puttext
 0000:15EC       _kbhit
 0000:15FE       _movetext
 0000:169B       _putch
 0000:16B2       __REALCVT
 0000:17EC       __SCREENIO
 0000:1828       __VALIDATEXY
 0000:189F       __SCROLL
 0000:1A0B       _setblock
 0000:1A27       _setjmp
 0000:1A5D       _longjmp
 0000:1A91       __wherexy
 0000:1A9B idle  _wherex
 0000:1AAA idle  _wherey
 0000:1ABD       _fflush
 0000:1B8A       _flushall
 0000:1C4E       _fseek
 0000:1CCE idle  _ftell
 0000:1DAE       _memcpy
 0000:1DD2       _printf
 0000:1DED idle  __fputc
 0000:1E09 idle  _fputc
 0000:1F9E idle  _fputchar
 0000:1FB2       __FPUTN
 0000:21B5       _setvbuf
 0000:2312       _sprintf
 0000:2334 idle  _vsprintf
 0000:2355       ___write
 0000:24A6       __write
 0000:24E2       __xfflush
 0251:000A       _main
 0251:00CC idle  _Task1
 0251:0139 idle  _Task2
 0251:01A6 idle  _Task3
 0251:0213 idle  _Print
 027D:0006       _OSStartHighRdy
 027D:0024       _OSCtxSw
 027D:005F       _OSIntCtxSw
 027D:008C       _OSTickISR
 028A:000C       _OSInitHookBegin
 028A:000D       _OSInitHookEnd
 028A:000E       _OSTaskCreateHook
 028A:0013       _OSTaskDelHook
 028A:0018       _OSTaskIdleHook
 028A:0019       _OSTaskStatHook
 028A:001A       _OSTaskStkInit
 028A:0100 idle  _OSTaskStkInit_FPE_x86
 028A:01DB       _OSTaskSwHook
 028A:01DC       _OSTCBInitHook
 028A:01E1       _OSTimeTickHook
 02A8:0002 idle  _PC_DispChar
 02A8:0040 idle  _PC_DispClrCol
 02A8:0086 idle  _PC_DispClrRow
 02A8:00BF idle  _PC_DispClrScr
 02A8:00F0 idle  _PC_DispStr
 02A8:013F idle  _PC_DOSReturn
 02A8:0153       _PC_DOSSaveReturn
 02A8:01C1 idle  _PC_ElapsedInit
 02A8:01D5 idle  _PC_ElapsedStart
 02A8:01FB idle  _PC_ElapsedStop
 02A8:024C idle  _PC_GetDateTime
 02A8:029F idle  _PC_GetKey
 02A8:02C6       _PC_SetTickRate
 02A8:0313 idle  _PC_VectGet
 02A8:034A       _PC_VectSet
 02DF:000F       _OSInit
 02DF:0047 idle  _OSIntEnter
 02DF:005A       _OSIntExit
 02DF:00F5 idle  _OSSchedLock
 02DF:010B idle  _OSSchedUnlock
 02DF:0138       _OSStart
 02DF:016D idle  _OSStatInit
 02DF:01A7       _OSTimeTick
 02DF:0243 idle  _OSVersion
 02DF:0247 idle  _OS_Dummy
 02DF:0248 idle  _OS_EventTaskRdy
 02DF:0312 idle  _OS_EventTaskWait
 02DF:037F idle  _OS_EventTO
 02DF:03D3 idle  _OS_EventWaitListInit
 02DF:05E0 idle  _OS_Sched
 02DF:0663 idle  _OS_TaskIdle
 02DF:0688 idle  _OS_TaskStat
 02DF:0752 idle  _OS_TCBInit
 02DF:0983 idle  _OSFlagAccept
 02DF:0AB5 idle  _OSFlagCreate
 02DF:0B2D idle  _OSFlagDel
 02DF:0C6F idle  _OSFlagPend
 02DF:0EC9 idle  _OSFlagPost
 02DF:1069 idle  _OSFlagQuery
 02DF:118B idle  _OS_FlagInit
 02DF:124A idle  _OS_FlagUnlink
 02DF:12F9 idle  _OSMboxAccept
 02DF:1344 idle  _OSMboxCreate
 02DF:13B9 idle  _OSMboxDel
 02DF:14D7 idle  _OSMboxPend
 02DF:15D9 idle  _OSMboxPost
 02DF:1651 idle  _OSMboxPostOpt
 02DF:16F4 idle  _OSMboxQuery
 02DF:17E8 idle  _OSMemCreate
 02DF:1933 idle  _OSMemGet
 02DF:19B1 idle  _OSMemPut
 02DF:1A21 idle  _OSMemQuery
 02DF:1ACA idle  _OS_MemInit
 02DF:1B6E idle  _OSMutexAccept
 02DF:1BF9 idle  _OSMutexCreate
 02DF:1CDF idle  _OSMutexDel
 02DF:1E39 idle  _OSMutexPend
 02DF:2024 idle  _OSMutexPost
 02DF:21AC idle  _OSMutexQuery
 02DF:22C7 idle  _OSQAccept
 02DF:2367 idle  _OSQCreate
 02DF:248A idle  _OSQDel
 02DF:2607 idle  _OSQFlush
 02DF:265F idle  _OSQPend
 02DF:27A5 idle  _OSQPost
 02DF:286D idle  _OSQPostFront
 02DF:292F idle  _OSQPostOpt
 02DF:2A6D idle  _OSQQuery
 02DF:2BA8 idle  _OS_QInit
 02DF:2BF8 idle  _OSSemAccept
 02DF:2C2A idle  _OSSemCreate
 02DF:2C9E idle  _OSSemDel
 02DF:2DBC idle  _OSSemPend
 02DF:2E6C idle  _OSSemPost
 02DF:2EC6 idle  _OSSemQuery
 02DF:2FB2 idle  _OSTaskChangePrio
 02DF:317E       _OSTaskCreate
 02DF:3247 idle  _OSTaskCreateExt
 02DF:333F idle  _OSTaskDel
 02DF:351E idle  _OSTaskDelReq
 02DF:358A idle  _OSTaskResume
 02DF:3609 idle  _OSTaskStkChk
 02DF:36EE idle  _OSTaskSuspend
 02DF:379C idle  _OSTaskQuery
 02DF:380A       _OSTimeDly
 02DF:3851 idle  _OSTimeDlyHMSM
 02DF:392A idle  _OSTimeDlyResume
 02DF:39A2       _OSTimeGet
 02DF:39C1       _OSTimeSet
 067D:0000 idle  DATASEG@
 067D:005B idle  __Int0Vector
 067D:005F idle  __Int4Vector
 067D:0063 idle  __Int5Vector
 067D:0067 idle  __Int6Vector
 067D:006B idle  __C0argc
 067D:006D idle  __C0argv
 067D:0071 idle  __C0environ
 067D:0075 idle  __envLng
 067D:0077 idle  __envseg
 067D:0079 idle  __envSize
 067D:007B       __psp
 067D:007D idle  __osversion
 067D:007D idle  __osmajor
 067D:007D idle  __version
 067D:007E idle  __osminor
 067D:007F       _errno
 067D:0081 idle  __StartTime
 067D:0085 idle  ___brklvl
 067D:0087       __heapbase
 067D:008B       __brklvl
 067D:008F       __heaptop
 067D:00F8 idle  _OSMapTbl
 067D:0100 idle  _OSUnMapTbl
 067D:0200       __atexitcnt
 067D:0202       __exitbuf
 067D:0206 idle  __exitfopen
 067D:020A idle  __exitopen
 067D:020E       __streams
 067D:039E       __nfile
 067D:03A0       __openfd
 067D:03C8 idle  __doserrno
 067D:03CA idle  __dosErrorToSV
 067D:0424       __stklen
 067D:048E       __wscroll
 067D:0490       __video
 067D:049F       _directvideo
 067D:04DC       __cFlag
 067D:04DD       __cChar
 067D:04E4       __RealCvtVector
 067D:04E6 idle  __ScanTodVector
 067D:04F8 idle  _Task3_Stk
 067D:08F8 idle  _Task2_Stk
 067D:0CF8 idle  _Task1_Stk
 067D:10F8       _OSTickDOSCtr
 067D:10FA idle  _PC_TickISR
 067D:1116       _task_log
 067D:11DE       _task_log_index
 067D:11E0 idle  _OSTime
 067D:11E4 idle  _OSQTbl
 067D:1214 idle  _OSQFreeList
 067D:1218 idle  _OSMemTbl
 067D:127C idle  _OSMemFreeList
 067D:1280 idle  _OSTCBTbl
 067D:157F idle  _OSTCBPrioTbl
 067D:167F idle  _OSTCBList
 067D:1683       _OSTCBHighRdy
 067D:1687 idle  _OSTCBFreeList
 067D:168B       _OSTCBCur
 067D:168F idle  _OSTaskIdleStk
 067D:1A8F idle  _OSIdleCtr
 067D:1A93 idle  _OSTaskCtr
 067D:1A94       _OSRunning
 067D:1A95 idle  _OSRdyTbl
 067D:1A9D idle  _OSRdyGrp
 067D:1A9E       _OSPrioHighRdy
 067D:1A9F       _OSPrioCur
 067D:1AA0 idle  _OSLockNesting
 067D:1AA1 idle  _OSIntExitY
 067D:1AA2       _OSIntNesting
 067D:1AA3 idle  _OSTaskStatStk
 067D:1EA3 idle  _OSStatRdy
 067D:1EA4 idle  _OSIdleCtrRun
 067D:1EA8 idle  _OSIdleCtrMax
 067D:1EAC idle  _OSCPUUsage
 067D:1EAD idle  _OSFlagFreeList
 067D:1EB1 idle  _OSFlagTbl
 067D:1ED4 idle  _OSEventTbl
 067D:1EF4 idle  _OSEventFreeList
 067D:1EF8 idle  _OSCtxSwCtr
 067D:1EFC       __atexittbl

Program entry point at 0000:0000

