
 Start  Stop   Length Name               Class

 00000H 02519H 0251AH _TEXT              CODE
 0251AH 02991H 00478H TEST_TEXT          CODE
 02992H 02A67H 000D6H OS_CPU_A_TEXT      CODE
 02A68H 02C3DH 001D6H OS_CPU_C_TEXT      CODE
 02C3EH 02FBAH 0037DH PC_TEXT            CODE
 02FBBH 067DBH 03821H UCOS_II_TEXT       CODE
 067E0H 067E0H 00000H _FARDATA           FAR_DATA
 067E0H 067E0H 00000H _FARBSS            FAR_BSS
 067E0H 067E0H 00000H _OVERLAY_          OVRINFO
 067E0H 067E0H 00000H _1STUB_            STUBSEG
 067E0H 06D1BH 0053CH _DATA              DATA
 06D1CH 06D1DH 00002H _CVTSEG            DATA
 06D1EH 06D23H 00006H _SCNSEG            DATA
 06D24H 06D24H 00000H _CONST             CONST
 06D24H 06D2FH 0000CH _INIT_             INITDATA
 06D30H 06D30H 00000H _INITEND_          INITDATA
 06D30H 06D30H 00000H _EXIT_             EXITDATA
 06D30H 06D30H 00000H _EXITEND_          EXITDATA
 06D30H 09361H 02632H _BSS               BSS
 09362H 09362H 00000H _BSSEND            BSSEND
 09370H 093EFH 00080H _STACK             STACK


Detailed map of segments

 0000:0000 0295 C=CODE   S=_TEXT          G=(none)  M=c0.ASM     ACBP=28
 0000:0295 002D C=CODE   S=_TEXT          G=(none)  M=ATEXIT     ACBP=28
 0000:02C2 0093 C=CODE   S=_TEXT          G=(none)  M=EXIT       ACBP=28
 0000:0355 0000 C=CODE   S=_TEXT          G=(none)  M=FILES      ACBP=28
 0000:0355 0000 C=CODE   S=_TEXT          G=(none)  M=FILES2     ACBP=28
 0000:0355 0017 C=CODE   S=_TEXT          G=(none)  M=F_LXMUL    ACBP=28
 0000:036C 0026 C=CODE   S=_TEXT          G=(none)  M=GETDATE    ACBP=28
 0000:0392 00AE C=CODE   S=_TEXT          G=(none)  M=H_LDIV     ACBP=28
 0000:0440 0021 C=CODE   S=_TEXT          G=(none)  M=H_LLSH     ACBP=28
 0000:0461 0021 C=CODE   S=_TEXT          G=(none)  M=H_LURSH    ACBP=28
 0000:0482 0060 C=CODE   S=_TEXT          G=(none)  M=H_PADD     ACBP=28
 0000:04E2 004B C=CODE   S=_TEXT          G=(none)  M=IOERROR    ACBP=28
 0000:052D 0011 C=CODE   S=_TEXT          G=(none)  M=ISATTY     ACBP=28
 0000:053E 00A2 C=CODE   S=_TEXT          G=(none)  M=LONGTOA    ACBP=28
 0000:05E0 0029 C=CODE   S=_TEXT          G=(none)  M=LSEEK      ACBP=28
 0000:0609 0021 C=CODE   S=_TEXT          G=(none)  M=N_PCMP     ACBP=28
 0000:062A 00BA C=CODE   S=_TEXT          G=(none)  M=SETUPIO    ACBP=28
 0000:06E4 0000 C=CODE   S=_TEXT          G=(none)  M=STKLEN     ACBP=28
 0000:06E4 04DB C=CODE   S=_TEXT          G=(none)  M=VPRINTER   ACBP=28
 0000:0BBF 009F C=CODE   S=_TEXT          G=(none)  M=VRAM       ACBP=28
 0000:0C5E 0000 C=CODE   S=_TEXT          G=(none)  M=WSCROLL    ACBP=28
 0000:0C5E 014E C=CODE   S=_TEXT          G=(none)  M=CPRINTF    ACBP=28
 0000:0DAC 01A5 C=CODE   S=_TEXT          G=(none)  M=CRTINIT    ACBP=28
 0000:0F51 001F C=CODE   S=_TEXT          G=(none)  M=CVTFAK     ACBP=28
 0000:0F70 0432 C=CODE   S=_TEXT          G=(none)  M=FARHEAP    ACBP=28
 0000:13A2 0140 C=CODE   S=_TEXT          G=(none)  M=FBRK       ACBP=28
 0000:14E2 005E C=CODE   S=_TEXT          G=(none)  M=GETCH      ACBP=28
 0000:1540 00AC C=CODE   S=_TEXT          G=(none)  M=GPTEXT     ACBP=28
 0000:15EC 0012 C=CODE   S=_TEXT          G=(none)  M=KBHIT      ACBP=28
 0000:15FE 009D C=CODE   S=_TEXT          G=(none)  M=MOVETEXT   ACBP=28
 0000:169B 0017 C=CODE   S=_TEXT          G=(none)  M=PUTCH      ACBP=28
 0000:16B2 0004 C=CODE   S=_TEXT          G=(none)  M=REALCVT    ACBP=28
 0000:16B6 01C7 C=CODE   S=_TEXT          G=(none)  M=SCREEN     ACBP=28
 0000:187D 018E C=CODE   S=_TEXT          G=(none)  M=SCROLL     ACBP=28
 0000:1A0B 001C C=CODE   S=_TEXT          G=(none)  M=SETBLOCK   ACBP=28
 0000:1A27 006A C=CODE   S=_TEXT          G=(none)  M=SETJMP     ACBP=28
 0000:1A91 002C C=CODE   S=_TEXT          G=(none)  M=WHEREXY    ACBP=28
 0000:1ABD 00CD C=CODE   S=_TEXT          G=(none)  M=FFLUSH     ACBP=28
 0000:1B8A 0042 C=CODE   S=_TEXT          G=(none)  M=FLUSHALL   ACBP=28
 0000:1BCC 01E2 C=CODE   S=_TEXT          G=(none)  M=FSEEK      ACBP=28
 0000:1DAE 0024 C=CODE   S=_TEXT          G=(none)  M=MEMCPY     ACBP=28
 0000:1DD2 001B C=CODE   S=_TEXT          G=(none)  M=PRINTF     ACBP=28
 0000:1DED 03C8 C=CODE   S=_TEXT          G=(none)  M=PUTC       ACBP=28
 0000:21B5 011D C=CODE   S=_TEXT          G=(none)  M=SETVBUF    ACBP=28
 0000:22D2 0083 C=CODE   S=_TEXT          G=(none)  M=SPRINTF    ACBP=28
 0000:2355 0151 C=CODE   S=_TEXT          G=(none)  M=WRITE      ACBP=28
 0000:24A6 003C C=CODE   S=_TEXT          G=(none)  M=WRITEA     ACBP=28
 0000:24E2 0038 C=CODE   S=_TEXT          G=(none)  M=XFFLUSH    ACBP=28
 0251:000A 0478 C=CODE   S=TEST_TEXT      G=(none)  M=test.c     ACBP=28
 0299:0002 00D6 C=CODE   S=OS_CPU_A_TEXT  G=(none)  M=\SOFTWARE\uCOS-II\Ix86L\BC45\OS_CPU_A.ASM ACBP=48
 02A6:0008 01D6 C=CODE   S=OS_CPU_C_TEXT  G=(none)  M=os_cpu_c.c ACBP=28
 02C3:000E 037D C=CODE   S=PC_TEXT        G=(none)  M=pc.c       ACBP=28
 02FB:000B 3821 C=CODE   S=UCOS_II_TEXT   G=(none)  M=ucos_ii.c  ACBP=28
 067E:0000 0000 C=FAR_DATA S=_FARDATA       G=(none)  M=c0.ASM     ACBP=68
 067E:0000 0000 C=FAR_BSS S=_FARBSS        G=(none)  M=c0.ASM     ACBP=68
 067E:0000 0000 C=OVRINFO S=_OVERLAY_      G=(none)  M=c0.ASM     ACBP=68
 067E:0000 0000 C=STUBSEG S=_1STUB_        G=(none)  M=c0.ASM     ACBP=68
 067E:0000 0093 C=DATA   S=_DATA          G=DGROUP  M=c0.ASM     ACBP=68
 067E:0094 009B C=DATA   S=_DATA          G=DGROUP  M=test.c     ACBP=48
 067E:0130 0000 C=DATA   S=_DATA          G=DGROUP  M=\SOFTWARE\uCOS-II\Ix86L\BC45\OS_CPU_A.ASM ACBP=48
 067E:0130 0000 C=DATA   S=_DATA          G=DGROUP  M=os_cpu_c.c ACBP=48
 067E:0130 001F C=DATA   S=_DATA          G=DGROUP  M=pc.c       ACBP=48
 067E:0150 0108 C=DATA   S=_DATA          G=DGROUP  M=ucos_ii.c  ACBP=48
 067E:0258 0002 C=DATA   S=_DATA          G=DGROUP  M=ATEXIT     ACBP=48
 067E:025A 000C C=DATA   S=_DATA          G=DGROUP  M=EXIT       ACBP=48
 067E:0266 0190 C=DATA   S=_DATA          G=DGROUP  M=FILES      ACBP=48
 067E:03F6 002A C=DATA   S=_DATA          G=DGROUP  M=FILES2     ACBP=48
 067E:0420 0000 C=DATA   S=_DATA          G=DGROUP  M=F_LXMUL    ACBP=48
 067E:0420 0000 C=DATA   S=_DATA          G=DGROUP  M=GETDATE    ACBP=48
 067E:0420 0000 C=DATA   S=_DATA          G=DGROUP  M=H_LDIV     ACBP=48
 067E:0420 0000 C=DATA   S=_DATA          G=DGROUP  M=H_LLSH     ACBP=48
 067E:0420 0000 C=DATA   S=_DATA          G=DGROUP  M=H_LURSH    ACBP=48
 067E:0420 0000 C=DATA   S=_DATA          G=DGROUP  M=H_PADD     ACBP=48
 067E:0420 005B C=DATA   S=_DATA          G=DGROUP  M=IOERROR    ACBP=48
 067E:047C 0000 C=DATA   S=_DATA          G=DGROUP  M=ISATTY     ACBP=48
 067E:047C 0000 C=DATA   S=_DATA          G=DGROUP  M=LONGTOA    ACBP=48
 067E:047C 0000 C=DATA   S=_DATA          G=DGROUP  M=LSEEK      ACBP=48
 067E:047C 0000 C=DATA   S=_DATA          G=DGROUP  M=N_PCMP     ACBP=48
 067E:047C 0000 C=DATA   S=_DATA          G=DGROUP  M=SETUPIO    ACBP=48
 067E:047C 0002 C=DATA   S=_DATA          G=DGROUP  M=STKLEN     ACBP=48
 067E:047E 0067 C=DATA   S=_DATA          G=DGROUP  M=VPRINTER   ACBP=48
 067E:04E6 0000 C=DATA   S=_DATA          G=DGROUP  M=VRAM       ACBP=48
 067E:04E6 0002 C=DATA   S=_DATA          G=DGROUP  M=WSCROLL    ACBP=48
 067E:04E8 0000 C=DATA   S=_DATA          G=DGROUP  M=CPRINTF    ACBP=48
 067E:04E8 0018 C=DATA   S=_DATA          G=DGROUP  M=CRTINIT    ACBP=48
 067E:0500 0031 C=DATA   S=_DATA          G=DGROUP  M=CVTFAK     ACBP=48
 067E:0532 0000 C=DATA   S=_DATA          G=DGROUP  M=FARHEAP    ACBP=48
 067E:0532 0002 C=DATA   S=_DATA          G=DGROUP  M=FBRK       ACBP=48
 067E:0534 0000 C=DATA   S=_DATA          G=DGROUP  M=GETCH      ACBP=48
 067E:0534 0000 C=DATA   S=_DATA          G=DGROUP  M=GPTEXT     ACBP=48
 067E:0534 0002 C=DATA   S=_DATA          G=DGROUP  M=KBHIT      ACBP=48
 067E:0536 0000 C=DATA   S=_DATA          G=DGROUP  M=MOVETEXT   ACBP=48
 067E:0536 0000 C=DATA   S=_DATA          G=DGROUP  M=PUTCH      ACBP=48
 067E:0536 0000 C=DATA   S=_DATA          G=DGROUP  M=REALCVT    ACBP=48
 067E:0536 0000 C=DATA   S=_DATA          G=DGROUP  M=SCREEN     ACBP=48
 067E:0536 0000 C=DATA   S=_DATA          G=DGROUP  M=SCROLL     ACBP=48
 067E:0536 0000 C=DATA   S=_DATA          G=DGROUP  M=SETBLOCK   ACBP=48
 067E:0536 0000 C=DATA   S=_DATA          G=DGROUP  M=SETJMP     ACBP=48
 067E:0536 0000 C=DATA   S=_DATA          G=DGROUP  M=WHEREXY    ACBP=48
 067E:0536 0000 C=DATA   S=_DATA          G=DGROUP  M=FFLUSH     ACBP=48
 067E:0536 0000 C=DATA   S=_DATA          G=DGROUP  M=FLUSHALL   ACBP=48
 067E:0536 0000 C=DATA   S=_DATA          G=DGROUP  M=FSEEK      ACBP=48
 067E:0536 0000 C=DATA   S=_DATA          G=DGROUP  M=MEMCPY     ACBP=48
 067E:0536 0000 C=DATA   S=_DATA          G=DGROUP  M=PRINTF     ACBP=48
 067E:0536 0001 C=DATA   S=_DATA          G=DGROUP  M=PUTC       ACBP=48
 067E:0538 0004 C=DATA   S=_DATA          G=DGROUP  M=SETVBUF    ACBP=48
 067E:053C 0000 C=DATA   S=_DATA          G=DGROUP  M=SPRINTF    ACBP=48
 067E:053C 0000 C=DATA   S=_DATA          G=DGROUP  M=WRITE      ACBP=48
 067E:053C 0000 C=DATA   S=_DATA          G=DGROUP  M=WRITEA     ACBP=48
 067E:053C 0000 C=DATA   S=_DATA          G=DGROUP  M=XFFLUSH    ACBP=48
 067E:053C 0000 C=DATA   S=_CVTSEG        G=DGROUP  M=c0.ASM     ACBP=48
 067E:053C 0002 C=DATA   S=_CVTSEG        G=DGROUP  M=CVTFAK     ACBP=48
 067E:053E 0000 C=DATA   S=_CVTSEG        G=DGROUP  M=REALCVT    ACBP=48
 067E:053E 0000 C=DATA   S=_SCNSEG        G=DGROUP  M=c0.ASM     ACBP=48
 067E:053E 0006 C=DATA   S=_SCNSEG        G=DGROUP  M=CVTFAK     ACBP=48
 067E:0544 0000 C=CONST  S=_CONST         G=DGROUP  M=c0.ASM     ACBP=48
 067E:0544 0000 C=INITDATA S=_INIT_         G=DGROUP  M=c0.ASM     ACBP=48
 067E:0544 0006 C=INITDATA S=_INIT_         G=DGROUP  M=SETUPIO    ACBP=48
 067E:054A 0006 C=INITDATA S=_INIT_         G=DGROUP  M=CRTINIT    ACBP=48
 067E:0550 0000 C=INITDATA S=_INITEND_      G=DGROUP  M=c0.ASM     ACBP=28
 067E:0550 0000 C=EXITDATA S=_EXIT_         G=DGROUP  M=c0.ASM     ACBP=48
 067E:0550 0000 C=EXITDATA S=_EXITEND_      G=DGROUP  M=c0.ASM     ACBP=28
 067E:0550 0000 C=BSS    S=_BSS           G=DGROUP  M=c0.ASM     ACBP=48
 067E:0550 1809 C=BSS    S=_BSS           G=DGROUP  M=test.c     ACBP=48
 067E:1D5A 0001 C=BSS    S=_BSS           G=DGROUP  M=os_cpu_c.c ACBP=48
 067E:1D5C 001B C=BSS    S=_BSS           G=DGROUP  M=pc.c       ACBP=48
 067E:1D78 0D88 C=BSS    S=_BSS           G=DGROUP  M=ucos_ii.c  ACBP=48
 067E:2B00 0080 C=BSS    S=_BSS           G=DGROUP  M=ATEXIT     ACBP=48
 067E:2B80 0000 C=BSS    S=_BSS           G=DGROUP  M=IOERROR    ACBP=48
 067E:2B80 0000 C=BSS    S=_BSS           G=DGROUP  M=ISATTY     ACBP=48
 067E:2B80 0000 C=BSS    S=_BSS           G=DGROUP  M=LONGTOA    ACBP=48
 067E:2B80 0000 C=BSS    S=_BSS           G=DGROUP  M=LSEEK      ACBP=48
 067E:2B80 0000 C=BSS    S=_BSS           G=DGROUP  M=SETUPIO    ACBP=48
 067E:2B80 0000 C=BSS    S=_BSS           G=DGROUP  M=VPRINTER   ACBP=48
 067E:2B80 0000 C=BSS    S=_BSS           G=DGROUP  M=VRAM       ACBP=48
 067E:2B80 0000 C=BSS    S=_BSS           G=DGROUP  M=CRTINIT    ACBP=48
 067E:2B80 0000 C=BSS    S=_BSS           G=DGROUP  M=GETCH      ACBP=48
 067E:2B80 0000 C=BSS    S=_BSS           G=DGROUP  M=KBHIT      ACBP=48
 067E:2B80 0000 C=BSS    S=_BSS           G=DGROUP  M=SETBLOCK   ACBP=48
 067E:2B80 0000 C=BSS    S=_BSS           G=DGROUP  M=SETJMP     ACBP=48
 067E:2B80 0000 C=BSS    S=_BSS           G=DGROUP  M=MEMCPY     ACBP=48
 067E:2B80 0001 C=BSS    S=_BSS           G=DGROUP  M=PUTC       ACBP=48
 067E:2B82 0000 C=BSS    S=_BSS           G=DGROUP  M=WRITEA     ACBP=48
 067E:2B82 0000 C=BSSEND S=_BSSEND        G=DGROUP  M=c0.ASM     ACBP=28
 0937:0000 0080 C=STACK  S=_STACK         G=(none)  M=c0.ASM     ACBP=74

  Address         Publics by Name

 067E:0000 idle  DATASEG@
 0000:0291 idle  DGROUP@
 0000:0395 idle  F_LDIV@
 0000:03A4 idle  F_LMOD@
 0000:039C       F_LUDIV@
 0000:03AC idle  F_LUMOD@
 0000:0443       F_LXLSH@
 0000:0355       F_LXMUL@
 0000:0464       F_LXURSH@
 0000:0485 idle  F_PADD@
 0000:04B4 idle  F_PSUB@
 0000:0395 idle  LDIV@
 0000:03A4 idle  LMOD@
 0000:039C idle  LUDIV@
 0000:03AC idle  LUMOD@
 0000:0443 idle  LXLSH@
 0000:0355 idle  LXMUL@
 0000:0464 idle  LXURSH@
 0000:0392 idle  N_LDIV@
 0000:03A1 idle  N_LMOD@
 0000:0399 idle  N_LUDIV@
 0000:03A9 idle  N_LUMOD@
 0000:0440       N_LXLSH@
 0000:0461 idle  N_LXURSH@
 0000:0482       N_PADD@
 0000:0609       N_PCMP@
 0000:04B1 idle  N_PSUB@
 0000:0485 idle  PADD@
 0000:04B4 idle  PSUB@
 0000:027A       _abort
 0000:0295 idle  _atexit
 0000:0D90 idle  _cprintf
 067E:04F7       _directvideo
 067E:0558 idle  _err
 067E:007F       _errno
 0000:031A       _exit
 0000:10B0 idle  _farfree
 0000:11C4 idle  _farmalloc
 0000:1328 idle  _farrealloc
 0000:1ABD       _fflush
 0000:1B8A       _flushall
 0000:1E09 idle  _fputc
 0000:1F9E idle  _fputchar
 0000:10B0       _free
 0000:1C4E       _fseek
 0000:1CCE idle  _ftell
 0000:14E2       _getch
 0000:14FE idle  _getche
 0000:036C       _getdate
 0000:1540       _gettext
 0000:037F       _gettime
 0000:052D       _isatty
 0000:15EC       _kbhit
 0000:1A5D       _longjmp
 0000:05E0       _lseek
 0251:000A       _main
 0000:11BA       _malloc
 0000:1DAE       _memcpy
 0000:15FE       _movetext
 0251:034C idle  _MutexPrint
 067E:1D8E       _Mutex_log
 067E:1DF2       _Mutex_log_index
 067E:1D78 idle  _Mutex_store
 067E:1D8C       _Mutex_store_index
 067E:2ABC idle  _OSCPUUsage
 0299:0020       _OSCtxSw
 067E:2AFC idle  _OSCtxSwCtr
 067E:2AF8 idle  _OSEventFreeList
 067E:2AE4 idle  _OSEventTbl
 02FB:0904 idle  _OSFlagAccept
 02FB:0A36 idle  _OSFlagCreate
 02FB:0AAE idle  _OSFlagDel
 067E:2ABD idle  _OSFlagFreeList
 02FB:0BF0 idle  _OSFlagPend
 02FB:0E4A idle  _OSFlagPost
 02FB:0FEA idle  _OSFlagQuery
 067E:2AC1 idle  _OSFlagTbl
 067E:26A5 idle  _OSIdleCtr
 067E:2AB8 idle  _OSIdleCtrMax
 067E:2AB4 idle  _OSIdleCtrRun
 02FB:000B       _OSInit
 02A6:0008       _OSInitHookBegin
 02A6:0009       _OSInitHookEnd
 0299:005B       _OSIntCtxSw
 02FB:0043 idle  _OSIntEnter
 02FB:0056       _OSIntExit
 067E:26B1 idle  _OSIntExitY
 067E:26B2       _OSIntNesting
 067E:26B0 idle  _OSLockNesting
 067E:0150 idle  _OSMapTbl
 02FB:127A idle  _OSMboxAccept
 02FB:12C5 idle  _OSMboxCreate
 02FB:133A idle  _OSMboxDel
 02FB:1458 idle  _OSMboxPend
 02FB:155A idle  _OSMboxPost
 02FB:15D2 idle  _OSMboxPostOpt
 02FB:1675 idle  _OSMboxQuery
 02FB:1703 idle  _OSMemCreate
 067E:1EF6 idle  _OSMemFreeList
 02FB:184E idle  _OSMemGet
 02FB:18CC idle  _OSMemPut
 02FB:193C idle  _OSMemQuery
 067E:1E92 idle  _OSMemTbl
 02FB:1A89 idle  _OSMutexAccept
 02FB:1B14       _OSMutexCreate
 02FB:1BFA idle  _OSMutexDel
 02FB:1D54       _OSMutexPend
 02FB:1F0E       _OSMutexPost
 02FB:2132 idle  _OSMutexQuery
 067E:26AF       _OSPrioCur
 067E:26AE       _OSPrioHighRdy
 02FB:21E7 idle  _OSQAccept
 02FB:2287 idle  _OSQCreate
 02FB:23AA idle  _OSQDel
 02FB:2527 idle  _OSQFlush
 067E:1E8E idle  _OSQFreeList
 02FB:257F idle  _OSQPend
 02FB:26C5 idle  _OSQPost
 02FB:278D idle  _OSQPostFront
 02FB:284F idle  _OSQPostOpt
 02FB:298D idle  _OSQQuery
 067E:1E5E idle  _OSQTbl
 067E:26AD idle  _OSRdyGrp
 067E:26AB idle  _OSRdyTbl
 067E:26AA       _OSRunning
 02FB:00D1 idle  _OSSchedLock
 02FB:00E7 idle  _OSSchedUnlock
 02FB:2AB2 idle  _OSSemAccept
 02FB:2AE4 idle  _OSSemCreate
 02FB:2B58 idle  _OSSemDel
 02FB:2C76 idle  _OSSemPend
 02FB:2D26 idle  _OSSemPost
 02FB:2D80 idle  _OSSemQuery
 02FB:0114       _OSStart
 0299:0002       _OSStartHighRdy
 02FB:0173 idle  _OSStatInit
 067E:2AB3 idle  _OSStatRdy
 02FB:2E06 idle  _OSTaskChangePrio
 02FB:2FD2       _OSTaskCreate
 02FB:308F idle  _OSTaskCreateExt
 02A6:000A       _OSTaskCreateHook
 067E:26A9 idle  _OSTaskCtr
 02FB:317F idle  _OSTaskDel
 02A6:000F       _OSTaskDelHook
 02FB:335E idle  _OSTaskDelReq
 02A6:0014       _OSTaskIdleHook
 067E:22A5 idle  _OSTaskIdleStk
 02FB:35DC idle  _OSTaskQuery
 02FB:33CA idle  _OSTaskResume
 02A6:0015       _OSTaskStatHook
 067E:26B3 idle  _OSTaskStatStk
 02FB:3449 idle  _OSTaskStkChk
 02A6:0016       _OSTaskStkInit
 02A6:00FC idle  _OSTaskStkInit_FPE_x86
 02FB:352E       _OSTaskSuspend
 02A6:01D7       _OSTaskSwHook
 067E:22A1       _OSTCBCur
 067E:229D idle  _OSTCBFreeList
 067E:2299       _OSTCBHighRdy
 02A6:01D8       _OSTCBInitHook
 067E:2295 idle  _OSTCBList
 067E:2261 idle  _OSTCBPrioTbl
 067E:1EFA idle  _OSTCBTbl
 067E:1D5A       _OSTickDOSCtr
 0299:0088       _OSTickISR
 067E:1E5A       _OSTime
 02FB:364A       _OSTimeDly
 02FB:3691 idle  _OSTimeDlyHMSM
 02FB:3780 idle  _OSTimeDlyResume
 02FB:37F8 idle  _OSTimeGet
 02FB:3817       _OSTimeSet
 02FB:01AD       _OSTimeTick
 02A6:01DD       _OSTimeTickHook
 067E:0158 idle  _OSUnMapTbl
 02FB:0249 idle  _OSVersion
 02FB:024D idle  _OS_Dummy
 02FB:024E idle  _OS_EventTaskRdy
 02FB:0318 idle  _OS_EventTaskWait
 02FB:0385 idle  _OS_EventTO
 02FB:03D9 idle  _OS_EventWaitListInit
 02FB:110C idle  _OS_FlagInit
 02FB:11CB idle  _OS_FlagUnlink
 02FB:19E5 idle  _OS_MemInit
 02FB:2A62 idle  _OS_QInit
 02FB:05D3 idle  _OS_Sched
 02FB:0682 idle  _OS_TaskIdle
 02FB:06A7 idle  _OS_TaskStat
 02FB:0771 idle  _OS_TCBInit
 02C3:000E idle  _PC_DispChar
 02C3:004C idle  _PC_DispClrCol
 02C3:0092 idle  _PC_DispClrRow
 02C3:00CB idle  _PC_DispClrScr
 02C3:00FC idle  _PC_DispStr
 02C3:014B idle  _PC_DOSReturn
 02C3:015F       _PC_DOSSaveReturn
 02C3:01CD idle  _PC_ElapsedInit
 02C3:01E1 idle  _PC_ElapsedStart
 02C3:0207 idle  _PC_ElapsedStop
 02C3:0258 idle  _PC_GetDateTime
 02C3:02AB idle  _PC_GetKey
 02C3:02D2       _PC_SetTickRate
 067E:1D5C idle  _PC_TickISR
 02C3:031F idle  _PC_VectGet
 02C3:0356       _PC_VectSet
 0251:03D0 idle  _Print
 0000:1DD2       _printf
 0000:169B       _putch
 0000:1596       _puttext
 0000:1321 idle  _realloc
 067E:0554 idle  _ResourceMutex1
 067E:0550 idle  _ResourceMutex2
 0000:1A0B       _setblock
 0000:1A27       _setjmp
 0000:21B5       _setvbuf
 0000:2312       _sprintf
 0251:00E9 idle  _Task1
 067E:1559 idle  _Task1_Stk
 0251:01D1 idle  _Task2
 067E:0D59 idle  _Task2_Stk
 0251:02C5 idle  _Task3
 067E:0559 idle  _Task3_Stk
 067E:1DF4       _task_log
 067E:1E58       _task_log_index
 0000:1522 idle  _ungetch
 0000:2334 idle  _vsprintf
 0000:1A9B idle  _wherex
 0000:1AAA idle  _wherey
 0000:1000 idle  __AHINCR
 0000:000C idle  __AHSHIFT
 067E:0258       __atexitcnt
 067E:2B00       __atexittbl
 0000:1418       __brk
 067E:008B       __brklvl
 067E:006B idle  __C0argc
 067E:006D idle  __C0argv
 0000:0E72 idle  __c0crtinit
 067E:0071 idle  __C0environ
 067E:0535       __cChar
 0000:033B idle  __cexit
 067E:0534       __cFlag
 0000:016A       __checknull
 0000:0157       __cleanup
 0000:0C5E       __CPUTN
 0000:0E8F idle  __crtinit
 0000:0000  Abs  __cvtfak
 0000:0349 idle  __c_exit
 067E:0420 idle  __doserrno
 0000:051B idle  __DOSERROR
 067E:0422 idle  __dosErrorToSV
 067E:0075 idle  __envLng
 067E:0077 idle  __envseg
 067E:0079 idle  __envSize
 0000:0329       __exit
 067E:025A       __exitbuf
 067E:025E idle  __exitfopen
 067E:0262 idle  __exitopen
 0000:1DED idle  __fputc
 0000:1FB2       __FPUTN
 067E:0087       __heapbase
 067E:008F       __heaptop
 067E:005B idle  __Int0Vector
 067E:005F idle  __Int4Vector
 067E:0063 idle  __Int5Vector
 067E:0067 idle  __Int6Vector
 0000:04E2       __IOERROR
 0000:053E       __LONGTOA
 0000:0293 idle  __MMODEL
 067E:03F6       __nfile
 0000:14FB idle  __Ngetche
 0000:151F idle  __Nungetch
 067E:03F8       __openfd
 067E:007D idle  __osmajor
 067E:007E idle  __osminor
 067E:007D idle  __osversion
 067E:007B       __psp
 0000:16B2       __REALCVT
 067E:053C       __RealCvtVector
 0000:01C0       __restorezero
 0000:1457       __sbrk
 067E:053E idle  __ScanTodVector
 0000:17EC       __SCREENIO
 0000:189F       __SCROLL
 0000:062A       __setupio
 067E:0081 idle  __StartTime
 067E:047C       __stklen
 067E:0266       __streams
 0000:016B       __terminate
 0000:0000 idle  __turboCrt
 0000:05C0 idle  __UTOA
 0000:1828       __VALIDATEXY
 067E:007D idle  __version
 067E:04E8       __video
 0000:0DE7       __VideoInt
 0000:06FC       __VPRINTER
 0000:0BBF       __VPTR
 0000:0BE4       __VRAM
 0000:1A91       __wherexy
 0000:24A6       __write
 067E:04E6       __wscroll
 0000:24E2       __xfflush
 067E:0085 idle  ___brklvl
 0000:0F70 idle  ___first
 0000:0F72 idle  ___last
 0000:0F74 idle  ___rover
 0000:2355       ___write

  Address         Publics by Value

 0000:0000 idle  __turboCrt
 0000:0000  Abs  __cvtfak
 0000:000C idle  __AHSHIFT
 0000:0157       __cleanup
 0000:016A       __checknull
 0000:016B       __terminate
 0000:01C0       __restorezero
 0000:027A       _abort
 0000:0291 idle  DGROUP@
 0000:0293 idle  __MMODEL
 0000:0295 idle  _atexit
 0000:031A       _exit
 0000:0329       __exit
 0000:033B idle  __cexit
 0000:0349 idle  __c_exit
 0000:0355       F_LXMUL@
 0000:0355 idle  LXMUL@
 0000:036C       _getdate
 0000:037F       _gettime
 0000:0392 idle  N_LDIV@
 0000:0395 idle  LDIV@
 0000:0395 idle  F_LDIV@
 0000:0399 idle  N_LUDIV@
 0000:039C       F_LUDIV@
 0000:039C idle  LUDIV@
 0000:03A1 idle  N_LMOD@
 0000:03A4 idle  F_LMOD@
 0000:03A4 idle  LMOD@
 0000:03A9 idle  N_LUMOD@
 0000:03AC idle  LUMOD@
 0000:03AC idle  F_LUMOD@
 0000:0440       N_LXLSH@
 0000:0443       F_LXLSH@
 0000:0443 idle  LXLSH@
 0000:0461 idle  N_LXURSH@
 0000:0464       F_LXURSH@
 0000:0464 idle  LXURSH@
 0000:0482       N_PADD@
 0000:0485 idle  F_PADD@
 0000:0485 idle  PADD@
 0000:04B1 idle  N_PSUB@
 0000:04B4 idle  F_PSUB@
 0000:04B4 idle  PSUB@
 0000:04E2       __IOERROR
 0000:051B idle  __DOSERROR
 0000:052D       _isatty
 0000:053E       __LONGTOA
 0000:05C0 idle  __UTOA
 0000:05E0       _lseek
 0000:0609       N_PCMP@
 0000:062A       __setupio
 0000:06FC       __VPRINTER
 0000:0BBF       __VPTR
 0000:0BE4       __VRAM
 0000:0C5E       __CPUTN
 0000:0D90 idle  _cprintf
 0000:0DE7       __VideoInt
 0000:0E72 idle  __c0crtinit
 0000:0E8F idle  __crtinit
 0000:0F70 idle  ___first
 0000:0F72 idle  ___last
 0000:0F74 idle  ___rover
 0000:1000 idle  __AHINCR
 0000:10B0       _free
 0000:10B0 idle  _farfree
 0000:11BA       _malloc
 0000:11C4 idle  _farmalloc
 0000:1321 idle  _realloc
 0000:1328 idle  _farrealloc
 0000:1418       __brk
 0000:1457       __sbrk
 0000:14E2       _getch
 0000:14FB idle  __Ngetche
 0000:14FE idle  _getche
 0000:151F idle  __Nungetch
 0000:1522 idle  _ungetch
 0000:1540       _gettext
 0000:1596       _puttext
 0000:15EC       _kbhit
 0000:15FE       _movetext
 0000:169B       _putch
 0000:16B2       __REALCVT
 0000:17EC       __SCREENIO
 0000:1828       __VALIDATEXY
 0000:189F       __SCROLL
 0000:1A0B       _setblock
 0000:1A27       _setjmp
 0000:1A5D       _longjmp
 0000:1A91       __wherexy
 0000:1A9B idle  _wherex
 0000:1AAA idle  _wherey
 0000:1ABD       _fflush
 0000:1B8A       _flushall
 0000:1C4E       _fseek
 0000:1CCE idle  _ftell
 0000:1DAE       _memcpy
 0000:1DD2       _printf
 0000:1DED idle  __fputc
 0000:1E09 idle  _fputc
 0000:1F9E idle  _fputchar
 0000:1FB2       __FPUTN
 0000:21B5       _setvbuf
 0000:2312       _sprintf
 0000:2334 idle  _vsprintf
 0000:2355       ___write
 0000:24A6       __write
 0000:24E2       __xfflush
 0251:000A       _main
 0251:00E9 idle  _Task1
 0251:01D1 idle  _Task2
 0251:02C5 idle  _Task3
 0251:034C idle  _MutexPrint
 0251:03D0 idle  _Print
 0299:0002       _OSStartHighRdy
 0299:0020       _OSCtxSw
 0299:005B       _OSIntCtxSw
 0299:0088       _OSTickISR
 02A6:0008       _OSInitHookBegin
 02A6:0009       _OSInitHookEnd
 02A6:000A       _OSTaskCreateHook
 02A6:000F       _OSTaskDelHook
 02A6:0014       _OSTaskIdleHook
 02A6:0015       _OSTaskStatHook
 02A6:0016       _OSTaskStkInit
 02A6:00FC idle  _OSTaskStkInit_FPE_x86
 02A6:01D7       _OSTaskSwHook
 02A6:01D8       _OSTCBInitHook
 02A6:01DD       _OSTimeTickHook
 02C3:000E idle  _PC_DispChar
 02C3:004C idle  _PC_DispClrCol
 02C3:0092 idle  _PC_DispClrRow
 02C3:00CB idle  _PC_DispClrScr
 02C3:00FC idle  _PC_DispStr
 02C3:014B idle  _PC_DOSReturn
 02C3:015F       _PC_DOSSaveReturn
 02C3:01CD idle  _PC_ElapsedInit
 02C3:01E1 idle  _PC_ElapsedStart
 02C3:0207 idle  _PC_ElapsedStop
 02C3:0258 idle  _PC_GetDateTime
 02C3:02AB idle  _PC_GetKey
 02C3:02D2       _PC_SetTickRate
 02C3:031F idle  _PC_VectGet
 02C3:0356       _PC_VectSet
 02FB:000B       _OSInit
 02FB:0043 idle  _OSIntEnter
 02FB:0056       _OSIntExit
 02FB:00D1 idle  _OSSchedLock
 02FB:00E7 idle  _OSSchedUnlock
 02FB:0114       _OSStart
 02FB:0173 idle  _OSStatInit
 02FB:01AD       _OSTimeTick
 02FB:0249 idle  _OSVersion
 02FB:024D idle  _OS_Dummy
 02FB:024E idle  _OS_EventTaskRdy
 02FB:0318 idle  _OS_EventTaskWait
 02FB:0385 idle  _OS_EventTO
 02FB:03D9 idle  _OS_EventWaitListInit
 02FB:05D3 idle  _OS_Sched
 02FB:0682 idle  _OS_TaskIdle
 02FB:06A7 idle  _OS_TaskStat
 02FB:0771 idle  _OS_TCBInit
 02FB:0904 idle  _OSFlagAccept
 02FB:0A36 idle  _OSFlagCreate
 02FB:0AAE idle  _OSFlagDel
 02FB:0BF0 idle  _OSFlagPend
 02FB:0E4A idle  _OSFlagPost
 02FB:0FEA idle  _OSFlagQuery
 02FB:110C idle  _OS_FlagInit
 02FB:11CB idle  _OS_FlagUnlink
 02FB:127A idle  _OSMboxAccept
 02FB:12C5 idle  _OSMboxCreate
 02FB:133A idle  _OSMboxDel
 02FB:1458 idle  _OSMboxPend
 02FB:155A idle  _OSMboxPost
 02FB:15D2 idle  _OSMboxPostOpt
 02FB:1675 idle  _OSMboxQuery
 02FB:1703 idle  _OSMemCreate
 02FB:184E idle  _OSMemGet
 02FB:18CC idle  _OSMemPut
 02FB:193C idle  _OSMemQuery
 02FB:19E5 idle  _OS_MemInit
 02FB:1A89 idle  _OSMutexAccept
 02FB:1B14       _OSMutexCreate
 02FB:1BFA idle  _OSMutexDel
 02FB:1D54       _OSMutexPend
 02FB:1F0E       _OSMutexPost
 02FB:2132 idle  _OSMutexQuery
 02FB:21E7 idle  _OSQAccept
 02FB:2287 idle  _OSQCreate
 02FB:23AA idle  _OSQDel
 02FB:2527 idle  _OSQFlush
 02FB:257F idle  _OSQPend
 02FB:26C5 idle  _OSQPost
 02FB:278D idle  _OSQPostFront
 02FB:284F idle  _OSQPostOpt
 02FB:298D idle  _OSQQuery
 02FB:2A62 idle  _OS_QInit
 02FB:2AB2 idle  _OSSemAccept
 02FB:2AE4 idle  _OSSemCreate
 02FB:2B58 idle  _OSSemDel
 02FB:2C76 idle  _OSSemPend
 02FB:2D26 idle  _OSSemPost
 02FB:2D80 idle  _OSSemQuery
 02FB:2E06 idle  _OSTaskChangePrio
 02FB:2FD2       _OSTaskCreate
 02FB:308F idle  _OSTaskCreateExt
 02FB:317F idle  _OSTaskDel
 02FB:335E idle  _OSTaskDelReq
 02FB:33CA idle  _OSTaskResume
 02FB:3449 idle  _OSTaskStkChk
 02FB:352E       _OSTaskSuspend
 02FB:35DC idle  _OSTaskQuery
 02FB:364A       _OSTimeDly
 02FB:3691 idle  _OSTimeDlyHMSM
 02FB:3780 idle  _OSTimeDlyResume
 02FB:37F8 idle  _OSTimeGet
 02FB:3817       _OSTimeSet
 067E:0000 idle  DATASEG@
 067E:005B idle  __Int0Vector
 067E:005F idle  __Int4Vector
 067E:0063 idle  __Int5Vector
 067E:0067 idle  __Int6Vector
 067E:006B idle  __C0argc
 067E:006D idle  __C0argv
 067E:0071 idle  __C0environ
 067E:0075 idle  __envLng
 067E:0077 idle  __envseg
 067E:0079 idle  __envSize
 067E:007B       __psp
 067E:007D idle  __osversion
 067E:007D idle  __osmajor
 067E:007D idle  __version
 067E:007E idle  __osminor
 067E:007F       _errno
 067E:0081 idle  __StartTime
 067E:0085 idle  ___brklvl
 067E:0087       __heapbase
 067E:008B       __brklvl
 067E:008F       __heaptop
 067E:0150 idle  _OSMapTbl
 067E:0158 idle  _OSUnMapTbl
 067E:0258       __atexitcnt
 067E:025A       __exitbuf
 067E:025E idle  __exitfopen
 067E:0262 idle  __exitopen
 067E:0266       __streams
 067E:03F6       __nfile
 067E:03F8       __openfd
 067E:0420 idle  __doserrno
 067E:0422 idle  __dosErrorToSV
 067E:047C       __stklen
 067E:04E6       __wscroll
 067E:04E8       __video
 067E:04F7       _directvideo
 067E:0534       __cFlag
 067E:0535       __cChar
 067E:053C       __RealCvtVector
 067E:053E idle  __ScanTodVector
 067E:0550 idle  _ResourceMutex2
 067E:0554 idle  _ResourceMutex1
 067E:0558 idle  _err
 067E:0559 idle  _Task3_Stk
 067E:0D59 idle  _Task2_Stk
 067E:1559 idle  _Task1_Stk
 067E:1D5A       _OSTickDOSCtr
 067E:1D5C idle  _PC_TickISR
 067E:1D78 idle  _Mutex_store
 067E:1D8C       _Mutex_store_index
 067E:1D8E       _Mutex_log
 067E:1DF2       _Mutex_log_index
 067E:1DF4       _task_log
 067E:1E58       _task_log_index
 067E:1E5A       _OSTime
 067E:1E5E idle  _OSQTbl
 067E:1E8E idle  _OSQFreeList
 067E:1E92 idle  _OSMemTbl
 067E:1EF6 idle  _OSMemFreeList
 067E:1EFA idle  _OSTCBTbl
 067E:2261 idle  _OSTCBPrioTbl
 067E:2295 idle  _OSTCBList
 067E:2299       _OSTCBHighRdy
 067E:229D idle  _OSTCBFreeList
 067E:22A1       _OSTCBCur
 067E:22A5 idle  _OSTaskIdleStk
 067E:26A5 idle  _OSIdleCtr
 067E:26A9 idle  _OSTaskCtr
 067E:26AA       _OSRunning
 067E:26AB idle  _OSRdyTbl
 067E:26AD idle  _OSRdyGrp
 067E:26AE       _OSPrioHighRdy
 067E:26AF       _OSPrioCur
 067E:26B0 idle  _OSLockNesting
 067E:26B1 idle  _OSIntExitY
 067E:26B2       _OSIntNesting
 067E:26B3 idle  _OSTaskStatStk
 067E:2AB3 idle  _OSStatRdy
 067E:2AB4 idle  _OSIdleCtrRun
 067E:2AB8 idle  _OSIdleCtrMax
 067E:2ABC idle  _OSCPUUsage
 067E:2ABD idle  _OSFlagFreeList
 067E:2AC1 idle  _OSFlagTbl
 067E:2AE4 idle  _OSEventTbl
 067E:2AF8 idle  _OSEventFreeList
 067E:2AFC idle  _OSCtxSwCtr
 067E:2B00       __atexittbl

Program entry point at 0000:0000

