
 Start  Stop   Length Name               Class

 00000H 02519H 0251AH _TEXT              CODE
 0251AH 0275EH 00245H TEST_TEXT          CODE
 02760H 02835H 000D6H OS_CPU_A_TEXT      CODE
 02836H 02A0BH 001D6H OS_CPU_C_TEXT      CODE
 02A0CH 02D88H 0037DH PC_TEXT            CODE
 02D89H 06588H 03800H UCOS_II_TEXT       CODE
 06590H 06590H 00000H _FARDATA           FAR_DATA
 06590H 06590H 00000H _FARBSS            FAR_BSS
 06590H 06590H 00000H _OVERLAY_          OVRINFO
 06590H 06590H 00000H _1STUB_            STUBSEG
 06590H 06A73H 004E4H _DATA              DATA
 06A74H 06A75H 00002H _CVTSEG            DATA
 06A76H 06A7BH 00006H _SCNSEG            DATA
 06A7CH 06A7CH 00000H _CONST             CONST
 06A7CH 06A87H 0000CH _INIT_             INITDATA
 06A88H 06A88H 00000H _INITEND_          INITDATA
 06A88H 06A88H 00000H _EXIT_             EXITDATA
 06A88H 06A88H 00000H _EXITEND_          EXITDATA
 06A88H 08033H 015ACH _BSS               BSS
 08034H 08034H 00000H _BSSEND            BSSEND
 08040H 080BFH 00080H _STACK             STACK


Detailed map of segments

 0000:0000 0295 C=CODE   S=_TEXT          G=(none)  M=c0.ASM     ACBP=28
 0000:0295 002D C=CODE   S=_TEXT          G=(none)  M=ATEXIT     ACBP=28
 0000:02C2 0093 C=CODE   S=_TEXT          G=(none)  M=EXIT       ACBP=28
 0000:0355 0000 C=CODE   S=_TEXT          G=(none)  M=FILES      ACBP=28
 0000:0355 0000 C=CODE   S=_TEXT          G=(none)  M=FILES2     ACBP=28
 0000:0355 0017 C=CODE   S=_TEXT          G=(none)  M=F_LXMUL    ACBP=28
 0000:036C 0026 C=CODE   S=_TEXT          G=(none)  M=GETDATE    ACBP=28
 0000:0392 00AE C=CODE   S=_TEXT          G=(none)  M=H_LDIV     ACBP=28
 0000:0440 0021 C=CODE   S=_TEXT          G=(none)  M=H_LLSH     ACBP=28
 0000:0461 0021 C=CODE   S=_TEXT          G=(none)  M=H_LURSH    ACBP=28
 0000:0482 0060 C=CODE   S=_TEXT          G=(none)  M=H_PADD     ACBP=28
 0000:04E2 004B C=CODE   S=_TEXT          G=(none)  M=IOERROR    ACBP=28
 0000:052D 0011 C=CODE   S=_TEXT          G=(none)  M=ISATTY     ACBP=28
 0000:053E 00A2 C=CODE   S=_TEXT          G=(none)  M=LONGTOA    ACBP=28
 0000:05E0 0029 C=CODE   S=_TEXT          G=(none)  M=LSEEK      ACBP=28
 0000:0609 0021 C=CODE   S=_TEXT          G=(none)  M=N_PCMP     ACBP=28
 0000:062A 00BA C=CODE   S=_TEXT          G=(none)  M=SETUPIO    ACBP=28
 0000:06E4 0000 C=CODE   S=_TEXT          G=(none)  M=STKLEN     ACBP=28
 0000:06E4 04DB C=CODE   S=_TEXT          G=(none)  M=VPRINTER   ACBP=28
 0000:0BBF 009F C=CODE   S=_TEXT          G=(none)  M=VRAM       ACBP=28
 0000:0C5E 0000 C=CODE   S=_TEXT          G=(none)  M=WSCROLL    ACBP=28
 0000:0C5E 014E C=CODE   S=_TEXT          G=(none)  M=CPRINTF    ACBP=28
 0000:0DAC 01A5 C=CODE   S=_TEXT          G=(none)  M=CRTINIT    ACBP=28
 0000:0F51 001F C=CODE   S=_TEXT          G=(none)  M=CVTFAK     ACBP=28
 0000:0F70 0432 C=CODE   S=_TEXT          G=(none)  M=FARHEAP    ACBP=28
 0000:13A2 0140 C=CODE   S=_TEXT          G=(none)  M=FBRK       ACBP=28
 0000:14E2 005E C=CODE   S=_TEXT          G=(none)  M=GETCH      ACBP=28
 0000:1540 00AC C=CODE   S=_TEXT          G=(none)  M=GPTEXT     ACBP=28
 0000:15EC 0012 C=CODE   S=_TEXT          G=(none)  M=KBHIT      ACBP=28
 0000:15FE 009D C=CODE   S=_TEXT          G=(none)  M=MOVETEXT   ACBP=28
 0000:169B 0017 C=CODE   S=_TEXT          G=(none)  M=PUTCH      ACBP=28
 0000:16B2 0004 C=CODE   S=_TEXT          G=(none)  M=REALCVT    ACBP=28
 0000:16B6 01C7 C=CODE   S=_TEXT          G=(none)  M=SCREEN     ACBP=28
 0000:187D 018E C=CODE   S=_TEXT          G=(none)  M=SCROLL     ACBP=28
 0000:1A0B 001C C=CODE   S=_TEXT          G=(none)  M=SETBLOCK   ACBP=28
 0000:1A27 006A C=CODE   S=_TEXT          G=(none)  M=SETJMP     ACBP=28
 0000:1A91 002C C=CODE   S=_TEXT          G=(none)  M=WHEREXY    ACBP=28
 0000:1ABD 00CD C=CODE   S=_TEXT          G=(none)  M=FFLUSH     ACBP=28
 0000:1B8A 0042 C=CODE   S=_TEXT          G=(none)  M=FLUSHALL   ACBP=28
 0000:1BCC 01E2 C=CODE   S=_TEXT          G=(none)  M=FSEEK      ACBP=28
 0000:1DAE 0024 C=CODE   S=_TEXT          G=(none)  M=MEMCPY     ACBP=28
 0000:1DD2 001B C=CODE   S=_TEXT          G=(none)  M=PRINTF     ACBP=28
 0000:1DED 03C8 C=CODE   S=_TEXT          G=(none)  M=PUTC       ACBP=28
 0000:21B5 011D C=CODE   S=_TEXT          G=(none)  M=SETVBUF    ACBP=28
 0000:22D2 0083 C=CODE   S=_TEXT          G=(none)  M=SPRINTF    ACBP=28
 0000:2355 0151 C=CODE   S=_TEXT          G=(none)  M=WRITE      ACBP=28
 0000:24A6 003C C=CODE   S=_TEXT          G=(none)  M=WRITEA     ACBP=28
 0000:24E2 0038 C=CODE   S=_TEXT          G=(none)  M=XFFLUSH    ACBP=28
 0251:000A 0245 C=CODE   S=TEST_TEXT      G=(none)  M=test.c     ACBP=28
 0276:0000 00D6 C=CODE   S=OS_CPU_A_TEXT  G=(none)  M=\SOFTWARE\uCOS-II\Ix86L\BC45\OS_CPU_A.ASM ACBP=48
 0283:0006 01D6 C=CODE   S=OS_CPU_C_TEXT  G=(none)  M=os_cpu_c.c ACBP=28
 02A0:000C 037D C=CODE   S=PC_TEXT        G=(none)  M=pc.c       ACBP=28
 02D8:0009 3800 C=CODE   S=UCOS_II_TEXT   G=(none)  M=ucos_ii.c  ACBP=28
 0659:0000 0000 C=FAR_DATA S=_FARDATA       G=(none)  M=c0.ASM     ACBP=68
 0659:0000 0000 C=FAR_BSS S=_FARBSS        G=(none)  M=c0.ASM     ACBP=68
 0659:0000 0000 C=OVRINFO S=_OVERLAY_      G=(none)  M=c0.ASM     ACBP=68
 0659:0000 0000 C=STUBSEG S=_1STUB_        G=(none)  M=c0.ASM     ACBP=68
 0659:0000 0093 C=DATA   S=_DATA          G=DGROUP  M=c0.ASM     ACBP=68
 0659:0094 0044 C=DATA   S=_DATA          G=DGROUP  M=test.c     ACBP=48
 0659:00D8 0000 C=DATA   S=_DATA          G=DGROUP  M=\SOFTWARE\uCOS-II\Ix86L\BC45\OS_CPU_A.ASM ACBP=48
 0659:00D8 0000 C=DATA   S=_DATA          G=DGROUP  M=os_cpu_c.c ACBP=48
 0659:00D8 001F C=DATA   S=_DATA          G=DGROUP  M=pc.c       ACBP=48
 0659:00F8 0108 C=DATA   S=_DATA          G=DGROUP  M=ucos_ii.c  ACBP=48
 0659:0200 0002 C=DATA   S=_DATA          G=DGROUP  M=ATEXIT     ACBP=48
 0659:0202 000C C=DATA   S=_DATA          G=DGROUP  M=EXIT       ACBP=48
 0659:020E 0190 C=DATA   S=_DATA          G=DGROUP  M=FILES      ACBP=48
 0659:039E 002A C=DATA   S=_DATA          G=DGROUP  M=FILES2     ACBP=48
 0659:03C8 0000 C=DATA   S=_DATA          G=DGROUP  M=F_LXMUL    ACBP=48
 0659:03C8 0000 C=DATA   S=_DATA          G=DGROUP  M=GETDATE    ACBP=48
 0659:03C8 0000 C=DATA   S=_DATA          G=DGROUP  M=H_LDIV     ACBP=48
 0659:03C8 0000 C=DATA   S=_DATA          G=DGROUP  M=H_LLSH     ACBP=48
 0659:03C8 0000 C=DATA   S=_DATA          G=DGROUP  M=H_LURSH    ACBP=48
 0659:03C8 0000 C=DATA   S=_DATA          G=DGROUP  M=H_PADD     ACBP=48
 0659:03C8 005B C=DATA   S=_DATA          G=DGROUP  M=IOERROR    ACBP=48
 0659:0424 0000 C=DATA   S=_DATA          G=DGROUP  M=ISATTY     ACBP=48
 0659:0424 0000 C=DATA   S=_DATA          G=DGROUP  M=LONGTOA    ACBP=48
 0659:0424 0000 C=DATA   S=_DATA          G=DGROUP  M=LSEEK      ACBP=48
 0659:0424 0000 C=DATA   S=_DATA          G=DGROUP  M=N_PCMP     ACBP=48
 0659:0424 0000 C=DATA   S=_DATA          G=DGROUP  M=SETUPIO    ACBP=48
 0659:0424 0002 C=DATA   S=_DATA          G=DGROUP  M=STKLEN     ACBP=48
 0659:0426 0067 C=DATA   S=_DATA          G=DGROUP  M=VPRINTER   ACBP=48
 0659:048E 0000 C=DATA   S=_DATA          G=DGROUP  M=VRAM       ACBP=48
 0659:048E 0002 C=DATA   S=_DATA          G=DGROUP  M=WSCROLL    ACBP=48
 0659:0490 0000 C=DATA   S=_DATA          G=DGROUP  M=CPRINTF    ACBP=48
 0659:0490 0018 C=DATA   S=_DATA          G=DGROUP  M=CRTINIT    ACBP=48
 0659:04A8 0031 C=DATA   S=_DATA          G=DGROUP  M=CVTFAK     ACBP=48
 0659:04DA 0000 C=DATA   S=_DATA          G=DGROUP  M=FARHEAP    ACBP=48
 0659:04DA 0002 C=DATA   S=_DATA          G=DGROUP  M=FBRK       ACBP=48
 0659:04DC 0000 C=DATA   S=_DATA          G=DGROUP  M=GETCH      ACBP=48
 0659:04DC 0000 C=DATA   S=_DATA          G=DGROUP  M=GPTEXT     ACBP=48
 0659:04DC 0002 C=DATA   S=_DATA          G=DGROUP  M=KBHIT      ACBP=48
 0659:04DE 0000 C=DATA   S=_DATA          G=DGROUP  M=MOVETEXT   ACBP=48
 0659:04DE 0000 C=DATA   S=_DATA          G=DGROUP  M=PUTCH      ACBP=48
 0659:04DE 0000 C=DATA   S=_DATA          G=DGROUP  M=REALCVT    ACBP=48
 0659:04DE 0000 C=DATA   S=_DATA          G=DGROUP  M=SCREEN     ACBP=48
 0659:04DE 0000 C=DATA   S=_DATA          G=DGROUP  M=SCROLL     ACBP=48
 0659:04DE 0000 C=DATA   S=_DATA          G=DGROUP  M=SETBLOCK   ACBP=48
 0659:04DE 0000 C=DATA   S=_DATA          G=DGROUP  M=SETJMP     ACBP=48
 0659:04DE 0000 C=DATA   S=_DATA          G=DGROUP  M=WHEREXY    ACBP=48
 0659:04DE 0000 C=DATA   S=_DATA          G=DGROUP  M=FFLUSH     ACBP=48
 0659:04DE 0000 C=DATA   S=_DATA          G=DGROUP  M=FLUSHALL   ACBP=48
 0659:04DE 0000 C=DATA   S=_DATA          G=DGROUP  M=FSEEK      ACBP=48
 0659:04DE 0000 C=DATA   S=_DATA          G=DGROUP  M=MEMCPY     ACBP=48
 0659:04DE 0000 C=DATA   S=_DATA          G=DGROUP  M=PRINTF     ACBP=48
 0659:04DE 0001 C=DATA   S=_DATA          G=DGROUP  M=PUTC       ACBP=48
 0659:04E0 0004 C=DATA   S=_DATA          G=DGROUP  M=SETVBUF    ACBP=48
 0659:04E4 0000 C=DATA   S=_DATA          G=DGROUP  M=SPRINTF    ACBP=48
 0659:04E4 0000 C=DATA   S=_DATA          G=DGROUP  M=WRITE      ACBP=48
 0659:04E4 0000 C=DATA   S=_DATA          G=DGROUP  M=WRITEA     ACBP=48
 0659:04E4 0000 C=DATA   S=_DATA          G=DGROUP  M=XFFLUSH    ACBP=48
 0659:04E4 0000 C=DATA   S=_CVTSEG        G=DGROUP  M=c0.ASM     ACBP=48
 0659:04E4 0002 C=DATA   S=_CVTSEG        G=DGROUP  M=CVTFAK     ACBP=48
 0659:04E6 0000 C=DATA   S=_CVTSEG        G=DGROUP  M=REALCVT    ACBP=48
 0659:04E6 0000 C=DATA   S=_SCNSEG        G=DGROUP  M=c0.ASM     ACBP=48
 0659:04E6 0006 C=DATA   S=_SCNSEG        G=DGROUP  M=CVTFAK     ACBP=48
 0659:04EC 0000 C=CONST  S=_CONST         G=DGROUP  M=c0.ASM     ACBP=48
 0659:04EC 0000 C=INITDATA S=_INIT_         G=DGROUP  M=c0.ASM     ACBP=48
 0659:04EC 0006 C=INITDATA S=_INIT_         G=DGROUP  M=SETUPIO    ACBP=48
 0659:04F2 0006 C=INITDATA S=_INIT_         G=DGROUP  M=CRTINIT    ACBP=48
 0659:04F8 0000 C=INITDATA S=_INITEND_      G=DGROUP  M=c0.ASM     ACBP=28
 0659:04F8 0000 C=EXITDATA S=_EXIT_         G=DGROUP  M=c0.ASM     ACBP=48
 0659:04F8 0000 C=EXITDATA S=_EXITEND_      G=DGROUP  M=c0.ASM     ACBP=28
 0659:04F8 0000 C=BSS    S=_BSS           G=DGROUP  M=c0.ASM     ACBP=48
 0659:04F8 0800 C=BSS    S=_BSS           G=DGROUP  M=test.c     ACBP=48
 0659:0CF8 0001 C=BSS    S=_BSS           G=DGROUP  M=os_cpu_c.c ACBP=48
 0659:0CFA 001B C=BSS    S=_BSS           G=DGROUP  M=pc.c       ACBP=48
 0659:0D16 0D0C C=BSS    S=_BSS           G=DGROUP  M=ucos_ii.c  ACBP=48
 0659:1A22 0080 C=BSS    S=_BSS           G=DGROUP  M=ATEXIT     ACBP=48
 0659:1AA2 0000 C=BSS    S=_BSS           G=DGROUP  M=IOERROR    ACBP=48
 0659:1AA2 0000 C=BSS    S=_BSS           G=DGROUP  M=ISATTY     ACBP=48
 0659:1AA2 0000 C=BSS    S=_BSS           G=DGROUP  M=LONGTOA    ACBP=48
 0659:1AA2 0000 C=BSS    S=_BSS           G=DGROUP  M=LSEEK      ACBP=48
 0659:1AA2 0000 C=BSS    S=_BSS           G=DGROUP  M=SETUPIO    ACBP=48
 0659:1AA2 0000 C=BSS    S=_BSS           G=DGROUP  M=VPRINTER   ACBP=48
 0659:1AA2 0000 C=BSS    S=_BSS           G=DGROUP  M=VRAM       ACBP=48
 0659:1AA2 0000 C=BSS    S=_BSS           G=DGROUP  M=CRTINIT    ACBP=48
 0659:1AA2 0000 C=BSS    S=_BSS           G=DGROUP  M=GETCH      ACBP=48
 0659:1AA2 0000 C=BSS    S=_BSS           G=DGROUP  M=KBHIT      ACBP=48
 0659:1AA2 0000 C=BSS    S=_BSS           G=DGROUP  M=SETBLOCK   ACBP=48
 0659:1AA2 0000 C=BSS    S=_BSS           G=DGROUP  M=SETJMP     ACBP=48
 0659:1AA2 0000 C=BSS    S=_BSS           G=DGROUP  M=MEMCPY     ACBP=48
 0659:1AA2 0001 C=BSS    S=_BSS           G=DGROUP  M=PUTC       ACBP=48
 0659:1AA4 0000 C=BSS    S=_BSS           G=DGROUP  M=WRITEA     ACBP=48
 0659:1AA4 0000 C=BSSEND S=_BSSEND        G=DGROUP  M=c0.ASM     ACBP=28
 0804:0000 0080 C=STACK  S=_STACK         G=(none)  M=c0.ASM     ACBP=74

  Address         Publics by Name

 0659:0000 idle  DATASEG@
 0000:0291 idle  DGROUP@
 0000:0395 idle  F_LDIV@
 0000:03A4 idle  F_LMOD@
 0000:039C       F_LUDIV@
 0000:03AC idle  F_LUMOD@
 0000:0443       F_LXLSH@
 0000:0355       F_LXMUL@
 0000:0464       F_LXURSH@
 0000:0485 idle  F_PADD@
 0000:04B4 idle  F_PSUB@
 0000:0395 idle  LDIV@
 0000:03A4 idle  LMOD@
 0000:039C idle  LUDIV@
 0000:03AC idle  LUMOD@
 0000:0443 idle  LXLSH@
 0000:0355 idle  LXMUL@
 0000:0464 idle  LXURSH@
 0000:0392 idle  N_LDIV@
 0000:03A1 idle  N_LMOD@
 0000:0399 idle  N_LUDIV@
 0000:03A9 idle  N_LUMOD@
 0000:0440       N_LXLSH@
 0000:0461 idle  N_LXURSH@
 0000:0482       N_PADD@
 0000:0609       N_PCMP@
 0000:04B1 idle  N_PSUB@
 0000:0485 idle  PADD@
 0000:04B4 idle  PSUB@
 0000:027A       _abort
 0000:0295 idle  _atexit
 0000:0D90 idle  _cprintf
 0659:049F       _directvideo
 0659:007F       _errno
 0000:031A       _exit
 0000:10B0 idle  _farfree
 0000:11C4 idle  _farmalloc
 0000:1328 idle  _farrealloc
 0000:1ABD       _fflush
 0000:1B8A       _flushall
 0000:1E09 idle  _fputc
 0000:1F9E idle  _fputchar
 0000:10B0       _free
 0000:1C4E       _fseek
 0000:1CCE idle  _ftell
 0000:14E2       _getch
 0000:14FE idle  _getche
 0000:036C       _getdate
 0000:1540       _gettext
 0000:037F       _gettime
 0000:052D       _isatty
 0000:15EC       _kbhit
 0000:1A5D       _longjmp
 0000:05E0       _lseek
 0251:000A       _main
 0000:11BA       _malloc
 0000:1DAE       _memcpy
 0000:15FE       _movetext
 0659:19DE idle  _OSCPUUsage
 0276:001E       _OSCtxSw
 0659:1A1E idle  _OSCtxSwCtr
 0659:1A1A idle  _OSEventFreeList
 0659:1A06 idle  _OSEventTbl
 02D8:094C idle  _OSFlagAccept
 02D8:0A7E idle  _OSFlagCreate
 02D8:0AF6 idle  _OSFlagDel
 0659:19DF idle  _OSFlagFreeList
 02D8:0C38 idle  _OSFlagPend
 02D8:0E92 idle  _OSFlagPost
 02D8:1032 idle  _OSFlagQuery
 0659:19E3 idle  _OSFlagTbl
 0659:15C7 idle  _OSIdleCtr
 0659:19DA idle  _OSIdleCtrMax
 0659:19D6 idle  _OSIdleCtrRun
 02D8:0009       _OSInit
 0283:0006       _OSInitHookBegin
 0283:0007       _OSInitHookEnd
 0276:0059       _OSIntCtxSw
 02D8:0041 idle  _OSIntEnter
 02D8:0054       _OSIntExit
 0659:15D3 idle  _OSIntExitY
 0659:15D4       _OSIntNesting
 0659:15D2 idle  _OSLockNesting
 0659:00F8 idle  _OSMapTbl
 02D8:12C2 idle  _OSMboxAccept
 02D8:130D idle  _OSMboxCreate
 02D8:1382 idle  _OSMboxDel
 02D8:14A0 idle  _OSMboxPend
 02D8:15A2 idle  _OSMboxPost
 02D8:161A idle  _OSMboxPostOpt
 02D8:16BD idle  _OSMboxQuery
 02D8:174B idle  _OSMemCreate
 0659:0E18 idle  _OSMemFreeList
 02D8:1896 idle  _OSMemGet
 02D8:1914 idle  _OSMemPut
 02D8:1984 idle  _OSMemQuery
 0659:0DB4 idle  _OSMemTbl
 02D8:1AD1 idle  _OSMutexAccept
 02D8:1B5C idle  _OSMutexCreate
 02D8:1C42 idle  _OSMutexDel
 02D8:1D9C idle  _OSMutexPend
 02D8:1F87 idle  _OSMutexPost
 02D8:210F idle  _OSMutexQuery
 0659:15D1       _OSPrioCur
 0659:15D0       _OSPrioHighRdy
 02D8:21C4 idle  _OSQAccept
 02D8:2264 idle  _OSQCreate
 02D8:2387 idle  _OSQDel
 02D8:2504 idle  _OSQFlush
 0659:0DB0 idle  _OSQFreeList
 02D8:255C idle  _OSQPend
 02D8:26A2 idle  _OSQPost
 02D8:276A idle  _OSQPostFront
 02D8:282C idle  _OSQPostOpt
 02D8:296A idle  _OSQQuery
 0659:0D80 idle  _OSQTbl
 0659:15CF idle  _OSRdyGrp
 0659:15CD idle  _OSRdyTbl
 0659:15CC       _OSRunning
 02D8:011A idle  _OSSchedLock
 02D8:0130 idle  _OSSchedUnlock
 02D8:2A8F idle  _OSSemAccept
 02D8:2AC1 idle  _OSSemCreate
 02D8:2B35 idle  _OSSemDel
 02D8:2C53 idle  _OSSemPend
 02D8:2D03 idle  _OSSemPost
 02D8:2D5D idle  _OSSemQuery
 02D8:015D       _OSStart
 0276:0000       _OSStartHighRdy
 02D8:01BC idle  _OSStatInit
 0659:19D5 idle  _OSStatRdy
 02D8:2DE3 idle  _OSTaskChangePrio
 02D8:2FAF       _OSTaskCreate
 02D8:306C idle  _OSTaskCreateExt
 0283:0008       _OSTaskCreateHook
 0659:15CB idle  _OSTaskCtr
 02D8:315C idle  _OSTaskDel
 0283:000D       _OSTaskDelHook
 02D8:333B idle  _OSTaskDelReq
 0283:0012       _OSTaskIdleHook
 0659:11C7 idle  _OSTaskIdleStk
 02D8:35B9 idle  _OSTaskQuery
 02D8:33A7 idle  _OSTaskResume
 0283:0013       _OSTaskStatHook
 0659:15D5 idle  _OSTaskStatStk
 02D8:3426 idle  _OSTaskStkChk
 0283:0014       _OSTaskStkInit
 0283:00FA idle  _OSTaskStkInit_FPE_x86
 02D8:350B idle  _OSTaskSuspend
 0283:01D5       _OSTaskSwHook
 0659:11C3       _OSTCBCur
 0659:11BF idle  _OSTCBFreeList
 0659:11BB       _OSTCBHighRdy
 0283:01D6       _OSTCBInitHook
 0659:11B7 idle  _OSTCBList
 0659:1183 idle  _OSTCBPrioTbl
 0659:0E1C idle  _OSTCBTbl
 0659:0CF8       _OSTickDOSCtr
 0276:0086       _OSTickISR
 0659:0D7C idle  _OSTime
 02D8:3627       _OSTimeDly
 02D8:366E idle  _OSTimeDlyHMSM
 02D8:375D idle  _OSTimeDlyResume
 02D8:37D5       _OSTimeGet
 02D8:37F4       _OSTimeSet
 02D8:01F7       _OSTimeTick
 0283:01DB       _OSTimeTickHook
 0659:0100 idle  _OSUnMapTbl
 02D8:0293 idle  _OSVersion
 02D8:0297 idle  _OS_Dummy
 02D8:0298 idle  _OS_EventTaskRdy
 02D8:0362 idle  _OS_EventTaskWait
 02D8:03CF idle  _OS_EventTO
 02D8:0423 idle  _OS_EventWaitListInit
 02D8:1154 idle  _OS_FlagInit
 02D8:1213 idle  _OS_FlagUnlink
 02D8:1A2D idle  _OS_MemInit
 02D8:2A3F idle  _OS_QInit
 02D8:061D idle  _OS_Sched
 02D8:06C8 idle  _OS_TaskIdle
 02D8:06ED idle  _OS_TaskStat
 02D8:07B9 idle  _OS_TCBInit
 02A0:000C idle  _PC_DispChar
 02A0:004A idle  _PC_DispClrCol
 02A0:0090 idle  _PC_DispClrRow
 02A0:00C9 idle  _PC_DispClrScr
 02A0:00FA idle  _PC_DispStr
 02A0:0149 idle  _PC_DOSReturn
 02A0:015D       _PC_DOSSaveReturn
 02A0:01CB idle  _PC_ElapsedInit
 02A0:01DF idle  _PC_ElapsedStart
 02A0:0205 idle  _PC_ElapsedStop
 02A0:0256 idle  _PC_GetDateTime
 02A0:02A9 idle  _PC_GetKey
 02A0:02D0       _PC_SetTickRate
 0659:0CFA idle  _PC_TickISR
 02A0:031D idle  _PC_VectGet
 02A0:0354       _PC_VectSet
 0251:019D idle  _Print
 0000:1DD2       _printf
 0000:169B       _putch
 0000:1596       _puttext
 0000:1321 idle  _realloc
 0000:1A0B       _setblock
 0000:1A27       _setjmp
 0000:21B5       _setvbuf
 0000:2312       _sprintf
 0251:009D idle  _Task1
 0659:08F8 idle  _Task1_Stk
 0251:011D idle  _Task2
 0659:04F8 idle  _Task2_Stk
 0659:0D16       _task_log
 0659:0D7A       _task_log_index
 0000:1522 idle  _ungetch
 0000:2334 idle  _vsprintf
 0000:1A9B idle  _wherex
 0000:1AAA idle  _wherey
 0000:1000 idle  __AHINCR
 0000:000C idle  __AHSHIFT
 0659:0200       __atexitcnt
 0659:1A22       __atexittbl
 0000:1418       __brk
 0659:008B       __brklvl
 0659:006B idle  __C0argc
 0659:006D idle  __C0argv
 0000:0E72 idle  __c0crtinit
 0659:0071 idle  __C0environ
 0659:04DD       __cChar
 0000:033B idle  __cexit
 0659:04DC       __cFlag
 0000:016A       __checknull
 0000:0157       __cleanup
 0000:0C5E       __CPUTN
 0000:0E8F idle  __crtinit
 0000:0000  Abs  __cvtfak
 0000:0349 idle  __c_exit
 0659:03C8 idle  __doserrno
 0000:051B idle  __DOSERROR
 0659:03CA idle  __dosErrorToSV
 0659:0075 idle  __envLng
 0659:0077 idle  __envseg
 0659:0079 idle  __envSize
 0000:0329       __exit
 0659:0202       __exitbuf
 0659:0206 idle  __exitfopen
 0659:020A idle  __exitopen
 0000:1DED idle  __fputc
 0000:1FB2       __FPUTN
 0659:0087       __heapbase
 0659:008F       __heaptop
 0659:005B idle  __Int0Vector
 0659:005F idle  __Int4Vector
 0659:0063 idle  __Int5Vector
 0659:0067 idle  __Int6Vector
 0000:04E2       __IOERROR
 0000:053E       __LONGTOA
 0000:0293 idle  __MMODEL
 0659:039E       __nfile
 0000:14FB idle  __Ngetche
 0000:151F idle  __Nungetch
 0659:03A0       __openfd
 0659:007D idle  __osmajor
 0659:007E idle  __osminor
 0659:007D idle  __osversion
 0659:007B       __psp
 0000:16B2       __REALCVT
 0659:04E4       __RealCvtVector
 0000:01C0       __restorezero
 0000:1457       __sbrk
 0659:04E6 idle  __ScanTodVector
 0000:17EC       __SCREENIO
 0000:189F       __SCROLL
 0000:062A       __setupio
 0659:0081 idle  __StartTime
 0659:0424       __stklen
 0659:020E       __streams
 0000:016B       __terminate
 0000:0000 idle  __turboCrt
 0000:05C0 idle  __UTOA
 0000:1828       __VALIDATEXY
 0659:007D idle  __version
 0659:0490       __video
 0000:0DE7       __VideoInt
 0000:06FC       __VPRINTER
 0000:0BBF       __VPTR
 0000:0BE4       __VRAM
 0000:1A91       __wherexy
 0000:24A6       __write
 0659:048E       __wscroll
 0000:24E2       __xfflush
 0659:0085 idle  ___brklvl
 0000:0F70 idle  ___first
 0000:0F72 idle  ___last
 0000:0F74 idle  ___rover
 0000:2355       ___write

  Address         Publics by Value

 0000:0000 idle  __turboCrt
 0000:0000  Abs  __cvtfak
 0000:000C idle  __AHSHIFT
 0000:0157       __cleanup
 0000:016A       __checknull
 0000:016B       __terminate
 0000:01C0       __restorezero
 0000:027A       _abort
 0000:0291 idle  DGROUP@
 0000:0293 idle  __MMODEL
 0000:0295 idle  _atexit
 0000:031A       _exit
 0000:0329       __exit
 0000:033B idle  __cexit
 0000:0349 idle  __c_exit
 0000:0355       F_LXMUL@
 0000:0355 idle  LXMUL@
 0000:036C       _getdate
 0000:037F       _gettime
 0000:0392 idle  N_LDIV@
 0000:0395 idle  LDIV@
 0000:0395 idle  F_LDIV@
 0000:0399 idle  N_LUDIV@
 0000:039C       F_LUDIV@
 0000:039C idle  LUDIV@
 0000:03A1 idle  N_LMOD@
 0000:03A4 idle  F_LMOD@
 0000:03A4 idle  LMOD@
 0000:03A9 idle  N_LUMOD@
 0000:03AC idle  LUMOD@
 0000:03AC idle  F_LUMOD@
 0000:0440       N_LXLSH@
 0000:0443       F_LXLSH@
 0000:0443 idle  LXLSH@
 0000:0461 idle  N_LXURSH@
 0000:0464       F_LXURSH@
 0000:0464 idle  LXURSH@
 0000:0482       N_PADD@
 0000:0485 idle  F_PADD@
 0000:0485 idle  PADD@
 0000:04B1 idle  N_PSUB@
 0000:04B4 idle  F_PSUB@
 0000:04B4 idle  PSUB@
 0000:04E2       __IOERROR
 0000:051B idle  __DOSERROR
 0000:052D       _isatty
 0000:053E       __LONGTOA
 0000:05C0 idle  __UTOA
 0000:05E0       _lseek
 0000:0609       N_PCMP@
 0000:062A       __setupio
 0000:06FC       __VPRINTER
 0000:0BBF       __VPTR
 0000:0BE4       __VRAM
 0000:0C5E       __CPUTN
 0000:0D90 idle  _cprintf
 0000:0DE7       __VideoInt
 0000:0E72 idle  __c0crtinit
 0000:0E8F idle  __crtinit
 0000:0F70 idle  ___first
 0000:0F72 idle  ___last
 0000:0F74 idle  ___rover
 0000:1000 idle  __AHINCR
 0000:10B0       _free
 0000:10B0 idle  _farfree
 0000:11BA       _malloc
 0000:11C4 idle  _farmalloc
 0000:1321 idle  _realloc
 0000:1328 idle  _farrealloc
 0000:1418       __brk
 0000:1457       __sbrk
 0000:14E2       _getch
 0000:14FB idle  __Ngetche
 0000:14FE idle  _getche
 0000:151F idle  __Nungetch
 0000:1522 idle  _ungetch
 0000:1540       _gettext
 0000:1596       _puttext
 0000:15EC       _kbhit
 0000:15FE       _movetext
 0000:169B       _putch
 0000:16B2       __REALCVT
 0000:17EC       __SCREENIO
 0000:1828       __VALIDATEXY
 0000:189F       __SCROLL
 0000:1A0B       _setblock
 0000:1A27       _setjmp
 0000:1A5D       _longjmp
 0000:1A91       __wherexy
 0000:1A9B idle  _wherex
 0000:1AAA idle  _wherey
 0000:1ABD       _fflush
 0000:1B8A       _flushall
 0000:1C4E       _fseek
 0000:1CCE idle  _ftell
 0000:1DAE       _memcpy
 0000:1DD2       _printf
 0000:1DED idle  __fputc
 0000:1E09 idle  _fputc
 0000:1F9E idle  _fputchar
 0000:1FB2       __FPUTN
 0000:21B5       _setvbuf
 0000:2312       _sprintf
 0000:2334 idle  _vsprintf
 0000:2355       ___write
 0000:24A6       __write
 0000:24E2       __xfflush
 0251:000A       _main
 0251:009D idle  _Task1
 0251:011D idle  _Task2
 0251:019D idle  _Print
 0276:0000       _OSStartHighRdy
 0276:001E       _OSCtxSw
 0276:0059       _OSIntCtxSw
 0276:0086       _OSTickISR
 0283:0006       _OSInitHookBegin
 0283:0007       _OSInitHookEnd
 0283:0008       _OSTaskCreateHook
 0283:000D       _OSTaskDelHook
 0283:0012       _OSTaskIdleHook
 0283:0013       _OSTaskStatHook
 0283:0014       _OSTaskStkInit
 0283:00FA idle  _OSTaskStkInit_FPE_x86
 0283:01D5       _OSTaskSwHook
 0283:01D6       _OSTCBInitHook
 0283:01DB       _OSTimeTickHook
 02A0:000C idle  _PC_DispChar
 02A0:004A idle  _PC_DispClrCol
 02A0:0090 idle  _PC_DispClrRow
 02A0:00C9 idle  _PC_DispClrScr
 02A0:00FA idle  _PC_DispStr
 02A0:0149 idle  _PC_DOSReturn
 02A0:015D       _PC_DOSSaveReturn
 02A0:01CB idle  _PC_ElapsedInit
 02A0:01DF idle  _PC_ElapsedStart
 02A0:0205 idle  _PC_ElapsedStop
 02A0:0256 idle  _PC_GetDateTime
 02A0:02A9 idle  _PC_GetKey
 02A0:02D0       _PC_SetTickRate
 02A0:031D idle  _PC_VectGet
 02A0:0354       _PC_VectSet
 02D8:0009       _OSInit
 02D8:0041 idle  _OSIntEnter
 02D8:0054       _OSIntExit
 02D8:011A idle  _OSSchedLock
 02D8:0130 idle  _OSSchedUnlock
 02D8:015D       _OSStart
 02D8:01BC idle  _OSStatInit
 02D8:01F7       _OSTimeTick
 02D8:0293 idle  _OSVersion
 02D8:0297 idle  _OS_Dummy
 02D8:0298 idle  _OS_EventTaskRdy
 02D8:0362 idle  _OS_EventTaskWait
 02D8:03CF idle  _OS_EventTO
 02D8:0423 idle  _OS_EventWaitListInit
 02D8:061D idle  _OS_Sched
 02D8:06C8 idle  _OS_TaskIdle
 02D8:06ED idle  _OS_TaskStat
 02D8:07B9 idle  _OS_TCBInit
 02D8:094C idle  _OSFlagAccept
 02D8:0A7E idle  _OSFlagCreate
 02D8:0AF6 idle  _OSFlagDel
 02D8:0C38 idle  _OSFlagPend
 02D8:0E92 idle  _OSFlagPost
 02D8:1032 idle  _OSFlagQuery
 02D8:1154 idle  _OS_FlagInit
 02D8:1213 idle  _OS_FlagUnlink
 02D8:12C2 idle  _OSMboxAccept
 02D8:130D idle  _OSMboxCreate
 02D8:1382 idle  _OSMboxDel
 02D8:14A0 idle  _OSMboxPend
 02D8:15A2 idle  _OSMboxPost
 02D8:161A idle  _OSMboxPostOpt
 02D8:16BD idle  _OSMboxQuery
 02D8:174B idle  _OSMemCreate
 02D8:1896 idle  _OSMemGet
 02D8:1914 idle  _OSMemPut
 02D8:1984 idle  _OSMemQuery
 02D8:1A2D idle  _OS_MemInit
 02D8:1AD1 idle  _OSMutexAccept
 02D8:1B5C idle  _OSMutexCreate
 02D8:1C42 idle  _OSMutexDel
 02D8:1D9C idle  _OSMutexPend
 02D8:1F87 idle  _OSMutexPost
 02D8:210F idle  _OSMutexQuery
 02D8:21C4 idle  _OSQAccept
 02D8:2264 idle  _OSQCreate
 02D8:2387 idle  _OSQDel
 02D8:2504 idle  _OSQFlush
 02D8:255C idle  _OSQPend
 02D8:26A2 idle  _OSQPost
 02D8:276A idle  _OSQPostFront
 02D8:282C idle  _OSQPostOpt
 02D8:296A idle  _OSQQuery
 02D8:2A3F idle  _OS_QInit
 02D8:2A8F idle  _OSSemAccept
 02D8:2AC1 idle  _OSSemCreate
 02D8:2B35 idle  _OSSemDel
 02D8:2C53 idle  _OSSemPend
 02D8:2D03 idle  _OSSemPost
 02D8:2D5D idle  _OSSemQuery
 02D8:2DE3 idle  _OSTaskChangePrio
 02D8:2FAF       _OSTaskCreate
 02D8:306C idle  _OSTaskCreateExt
 02D8:315C idle  _OSTaskDel
 02D8:333B idle  _OSTaskDelReq
 02D8:33A7 idle  _OSTaskResume
 02D8:3426 idle  _OSTaskStkChk
 02D8:350B idle  _OSTaskSuspend
 02D8:35B9 idle  _OSTaskQuery
 02D8:3627       _OSTimeDly
 02D8:366E idle  _OSTimeDlyHMSM
 02D8:375D idle  _OSTimeDlyResume
 02D8:37D5       _OSTimeGet
 02D8:37F4       _OSTimeSet
 0659:0000 idle  DATASEG@
 0659:005B idle  __Int0Vector
 0659:005F idle  __Int4Vector
 0659:0063 idle  __Int5Vector
 0659:0067 idle  __Int6Vector
 0659:006B idle  __C0argc
 0659:006D idle  __C0argv
 0659:0071 idle  __C0environ
 0659:0075 idle  __envLng
 0659:0077 idle  __envseg
 0659:0079 idle  __envSize
 0659:007B       __psp
 0659:007D idle  __osversion
 0659:007D idle  __osmajor
 0659:007D idle  __version
 0659:007E idle  __osminor
 0659:007F       _errno
 0659:0081 idle  __StartTime
 0659:0085 idle  ___brklvl
 0659:0087       __heapbase
 0659:008B       __brklvl
 0659:008F       __heaptop
 0659:00F8 idle  _OSMapTbl
 0659:0100 idle  _OSUnMapTbl
 0659:0200       __atexitcnt
 0659:0202       __exitbuf
 0659:0206 idle  __exitfopen
 0659:020A idle  __exitopen
 0659:020E       __streams
 0659:039E       __nfile
 0659:03A0       __openfd
 0659:03C8 idle  __doserrno
 0659:03CA idle  __dosErrorToSV
 0659:0424       __stklen
 0659:048E       __wscroll
 0659:0490       __video
 0659:049F       _directvideo
 0659:04DC       __cFlag
 0659:04DD       __cChar
 0659:04E4       __RealCvtVector
 0659:04E6 idle  __ScanTodVector
 0659:04F8 idle  _Task2_Stk
 0659:08F8 idle  _Task1_Stk
 0659:0CF8       _OSTickDOSCtr
 0659:0CFA idle  _PC_TickISR
 0659:0D16       _task_log
 0659:0D7A       _task_log_index
 0659:0D7C idle  _OSTime
 0659:0D80 idle  _OSQTbl
 0659:0DB0 idle  _OSQFreeList
 0659:0DB4 idle  _OSMemTbl
 0659:0E18 idle  _OSMemFreeList
 0659:0E1C idle  _OSTCBTbl
 0659:1183 idle  _OSTCBPrioTbl
 0659:11B7 idle  _OSTCBList
 0659:11BB       _OSTCBHighRdy
 0659:11BF idle  _OSTCBFreeList
 0659:11C3       _OSTCBCur
 0659:11C7 idle  _OSTaskIdleStk
 0659:15C7 idle  _OSIdleCtr
 0659:15CB idle  _OSTaskCtr
 0659:15CC       _OSRunning
 0659:15CD idle  _OSRdyTbl
 0659:15CF idle  _OSRdyGrp
 0659:15D0       _OSPrioHighRdy
 0659:15D1       _OSPrioCur
 0659:15D2 idle  _OSLockNesting
 0659:15D3 idle  _OSIntExitY
 0659:15D4       _OSIntNesting
 0659:15D5 idle  _OSTaskStatStk
 0659:19D5 idle  _OSStatRdy
 0659:19D6 idle  _OSIdleCtrRun
 0659:19DA idle  _OSIdleCtrMax
 0659:19DE idle  _OSCPUUsage
 0659:19DF idle  _OSFlagFreeList
 0659:19E3 idle  _OSFlagTbl
 0659:1A06 idle  _OSEventTbl
 0659:1A1A idle  _OSEventFreeList
 0659:1A1E idle  _OSCtxSwCtr
 0659:1A22       __atexittbl

Program entry point at 0000:0000

